Component: ARM Compiler 5.06 update 6 (build 750) Tool: armlink [4d35ed]

==============================================================================

Section Cross References

    main.o(i.main) refers to delay.o(i.delay_init) for delay_init
    main.o(i.main) refers to usart.o(i.uart_init) for uart_init
    main.o(i.main) refers to rs485.o(i.RS485_init) for RS485_init
    main.o(i.main) refers to port.o(i.PORT_GPIO_Config) for PORT_GPIO_Config
    main.o(i.main) refers to port.o(i.ON_OFF_Init) for ON_OFF_Init
    main.o(i.main) refers to led.o(i.LED_Init) for LED_Init
    main.o(i.main) refers to encode.o(i.TIM4_Init) for TIM4_Init
    main.o(i.main) refers to encode1.o(i.TIM3_Init) for TIM3_Init
    main.o(i.main) refers to encode2.o(i.TIM2_Init) for TIM2_Init
    main.o(i.main) refers to encode3.o(i.TIM1_Init) for TIM1_Init
    main.o(i.main) refers to adc.o(i.Adc_Init) for Adc_Init
    main.o(i.main) refers to rs485.o(i.Ready_Send) for Ready_Send
    main.o(i.main) refers to delay.o(i.delay_ms) for delay_ms
    main.o(i.main) refers to flag_function.o(i.base_function) for base_function
    main.o(i.main) refers to delay.o(i.delay_us) for delay_us
    main.o(i.main) refers to flag_function.o(i.reset_function) for reset_function
    main.o(i.main) refers to flag_function.o(i.date_function) for date_function
    main.o(i.main) refers to flag_function.o(i.setdata_function) for setdata_function
    main.o(i.main) refers to encode1.o(i.encode1_limit) for encode1_limit
    main.o(i.main) refers to encode2.o(i.encode2_limit) for encode2_limit
    main.o(i.main) refers to encode3.o(i.encode3_limit) for encode3_limit
    main.o(i.main) refers to encode.o(i.encode_limit) for encode_limit
    main.o(i.main) refers to execute_function.o(.data) for function_flag
    main.o(i.main) refers to encode.o(.data) for mode
    stm32f10x_it.o(i.USART2_IRQHandler) refers to stm32f10x_usart.o(i.USART_GetITStatus) for USART_GetITStatus
    stm32f10x_it.o(i.USART2_IRQHandler) refers to stm32f10x_usart.o(i.USART_ReceiveData) for USART_ReceiveData
    stm32f10x_it.o(i.USART2_IRQHandler) refers to parse_frame_data.o(i.FEEDBACK_PROTOCOL_CHECK) for FEEDBACK_PROTOCOL_CHECK
    stm32f10x_it.o(i.USART2_IRQHandler) refers to execute_function.o(i.flag_function_configure) for flag_function_configure
    stm32f10x_it.o(i.USART2_IRQHandler) refers to delay.o(i.delay_us) for delay_us
    stm32f10x_it.o(i.USART2_IRQHandler) refers to stm32f10x_it.o(.bss) for RS485_RX_BUF
    stm32f10x_it.o(i.USART2_IRQHandler) refers to stm32f10x_it.o(.data) for RS485_RX_CNT
    system_stm32f10x.o(i.SetSysClock) refers to system_stm32f10x.o(i.SetSysClockTo72) for SetSysClockTo72
    system_stm32f10x.o(i.SystemCoreClockUpdate) refers to system_stm32f10x.o(.data) for SystemCoreClock
    system_stm32f10x.o(i.SystemInit) refers to system_stm32f10x.o(i.SetSysClock) for SetSysClock
    delay.o(i.delay_init) refers to misc.o(i.SysTick_CLKSourceConfig) for SysTick_CLKSourceConfig
    delay.o(i.delay_init) refers to system_stm32f10x.o(.data) for SystemCoreClock
    delay.o(i.delay_init) refers to delay.o(.data) for fac_us
    delay.o(i.delay_ms) refers to delay.o(.data) for fac_ms
    delay.o(i.delay_us) refers to delay.o(.data) for fac_us
    sys.o(i.NVIC_Configuration) refers to misc.o(i.NVIC_PriorityGroupConfig) for NVIC_PriorityGroupConfig
    usart.o(i.USART1_IRQHandler) refers to stm32f10x_usart.o(i.USART_GetITStatus) for USART_GetITStatus
    usart.o(i.USART1_IRQHandler) refers to stm32f10x_usart.o(i.USART_ReceiveData) for USART_ReceiveData
    usart.o(i.USART1_IRQHandler) refers to usart.o(.bss) for USART_RX_BUF
    usart.o(i.USART1_IRQHandler) refers to usart.o(.data) for USART_RX_STA
    usart.o(i.uart_init) refers to stm32f10x_rcc.o(i.RCC_APB2PeriphClockCmd) for RCC_APB2PeriphClockCmd
    usart.o(i.uart_init) refers to stm32f10x_gpio.o(i.GPIO_Init) for GPIO_Init
    usart.o(i.uart_init) refers to misc.o(i.NVIC_PriorityGroupConfig) for NVIC_PriorityGroupConfig
    usart.o(i.uart_init) refers to misc.o(i.NVIC_Init) for NVIC_Init
    usart.o(i.uart_init) refers to stm32f10x_usart.o(i.USART_Init) for USART_Init
    usart.o(i.uart_init) refers to stm32f10x_usart.o(i.USART_ITConfig) for USART_ITConfig
    usart.o(i.uart_init) refers to stm32f10x_usart.o(i.USART_Cmd) for USART_Cmd
    startup_stm32f10x_hd.o(RESET) refers to startup_stm32f10x_hd.o(STACK) for __initial_sp
    startup_stm32f10x_hd.o(RESET) refers to startup_stm32f10x_hd.o(.text) for Reset_Handler
    startup_stm32f10x_hd.o(RESET) refers to stm32f10x_it.o(i.NMI_Handler) for NMI_Handler
    startup_stm32f10x_hd.o(RESET) refers to stm32f10x_it.o(i.HardFault_Handler) for HardFault_Handler
    startup_stm32f10x_hd.o(RESET) refers to stm32f10x_it.o(i.MemManage_Handler) for MemManage_Handler
    startup_stm32f10x_hd.o(RESET) refers to stm32f10x_it.o(i.BusFault_Handler) for BusFault_Handler
    startup_stm32f10x_hd.o(RESET) refers to stm32f10x_it.o(i.UsageFault_Handler) for UsageFault_Handler
[...]
    Removing stm32f10x_tim.o(i.TIM_OCStructInit), (20 bytes).
    Removing stm32f10x_tim.o(i.TIM_PWMIConfig), (124 bytes).
    Removing stm32f10x_tim.o(i.TIM_PrescalerConfig), (6 bytes).
    Removing stm32f10x_tim.o(i.TIM_SelectCCDMA), (24 bytes).
    Removing stm32f10x_tim.o(i.TIM_SelectCOM), (24 bytes).
    Removing stm32f10x_tim.o(i.TIM_SelectHallSensor), (24 bytes).
    Removing stm32f10x_tim.o(i.TIM_SelectInputTrigger), (18 bytes).
    Removing stm32f10x_tim.o(i.TIM_SelectMasterSlaveMode), (18 bytes).
    Removing stm32f10x_tim.o(i.TIM_SelectOCxM), (82 bytes).
    Removing stm32f10x_tim.o(i.TIM_SelectOnePulseMode), (18 bytes).
    Removing stm32f10x_tim.o(i.TIM_SelectOutputTrigger), (18 bytes).
    Removing stm32f10x_tim.o(i.TIM_SelectSlaveMode), (18 bytes).
    Removing stm32f10x_tim.o(i.TIM_SetAutoreload), (4 bytes).
    Removing stm32f10x_tim.o(i.TIM_SetClockDivision), (18 bytes).
    Removing stm32f10x_tim.o(i.TIM_SetCompare1), (4 bytes).
    Removing stm32f10x_tim.o(i.TIM_SetCompare2), (4 bytes).
    Removing stm32f10x_tim.o(i.TIM_SetCompare3), (4 bytes).
    Removing stm32f10x_tim.o(i.TIM_SetCompare4), (6 bytes).
    Removing stm32f10x_tim.o(i.TIM_SetCounter), (4 bytes).
    Removing stm32f10x_tim.o(i.TIM_TIxExternalClockConfig), (62 bytes).
    Removing stm32f10x_tim.o(i.TIM_UpdateDisableConfig), (24 bytes).
    Removing stm32f10x_tim.o(i.TIM_UpdateRequestConfig), (24 bytes).
    Removing stm32f10x_usart.o(i.USART_ClearFlag), (18 bytes).
    Removing stm32f10x_usart.o(i.USART_ClearITPendingBit), (30 bytes).
    Removing stm32f10x_usart.o(i.USART_ClockInit), (34 bytes).
    Removing stm32f10x_usart.o(i.USART_ClockStructInit), (12 bytes).
    Removing stm32f10x_usart.o(i.USART_DMACmd), (18 bytes).
    Removing stm32f10x_usart.o(i.USART_DeInit), (156 bytes).
    Removing stm32f10x_usart.o(i.USART_HalfDuplexCmd), (24 bytes).
    Removing stm32f10x_usart.o(i.USART_IrDACmd), (24 bytes).
    Removing stm32f10x_usart.o(i.USART_IrDAConfig), (18 bytes).
    Removing stm32f10x_usart.o(i.USART_LINBreakDetectLengthConfig), (18 bytes).
    Removing stm32f10x_usart.o(i.USART_LINCmd), (24 bytes).
    Removing stm32f10x_usart.o(i.USART_OneBitMethodCmd), (24 bytes).
    Removing stm32f10x_usart.o(i.USART_OverSampling8Cmd), (22 bytes).
    Removing stm32f10x_usart.o(i.USART_ReceiverWakeUpCmd), (24 bytes).
    Removing stm32f10x_usart.o(i.USART_SendBreak), (10 bytes).
    Removing stm32f10x_usart.o(i.USART_SetAddress), (18 bytes).
    Removing stm32f10x_usart.o(i.USART_SetGuardTime), (16 bytes).
    Removing stm32f10x_usart.o(i.USART_SetPrescaler), (16 bytes).
    Removing stm32f10x_usart.o(i.USART_SmartCardCmd), (24 bytes).
    Removing stm32f10x_usart.o(i.USART_SmartCardNACKCmd), (24 bytes).
    Removing stm32f10x_usart.o(i.USART_StructInit), (24 bytes).
    Removing stm32f10x_usart.o(i.USART_WakeUpConfig), (18 bytes).
    Removing stm32f10x_wwdg.o(i.WWDG_ClearFlag), (12 bytes).
    Removing stm32f10x_wwdg.o(i.WWDG_DeInit), (22 bytes).
    Removing stm32f10x_wwdg.o(i.WWDG_Enable), (16 bytes).
    Removing stm32f10x_wwdg.o(i.WWDG_EnableIT), (12 bytes).
    Removing stm32f10x_wwdg.o(i.WWDG_GetFlagStatus), (12 bytes).
    Removing stm32f10x_wwdg.o(i.WWDG_SetCounter), (16 bytes).
    Removing stm32f10x_wwdg.o(i.WWDG_SetPrescaler), (24 bytes).
    Removing stm32f10x_wwdg.o(i.WWDG_SetWindowValue), (40 bytes).
    Removing function.o(i.RESET_PLACE), (36 bytes).
    Removing function.o(.data), (4 bytes).
    Removing flag_function.o(i.clear_datefunction_flag), (20 bytes).
    Removing flag_function.o(i.update_flag), (68 bytes).
    Removing flag_function.o(.data), (4 bytes).
    Removing encode2.o(i.user_Encode2_ResetL), (48 bytes).
    Removing encode2.o(i.user_Encode2_ResetR), (48 bytes).
    Removing rs485.o(i.RS485_Send_HalfWord), (60 bytes).
    Removing execute_function.o(i.Execute_function_configure), (536 bytes).
    Removing dadd.o(.text), (334 bytes).
    Removing ddiv.o(.text), (222 bytes).
    Removing dfixul.o(.text), (48 bytes).
    Removing cdrcmple.o(.text), (48 bytes).

441 unused section(s) (total 17914 bytes) removed from the image.

==============================================================================

Image Symbol Table

    Local Symbols

    Symbol Name                              Value     Ov Type        Size  Object(Section)

    ../clib/microlib/division.c              0x00000000   Number         0  uldiv.o ABSOLUTE
    ../clib/microlib/division.c              0x00000000   Number         0  uidiv.o ABSOLUTE
    ../clib/microlib/init/entry.s            0x00000000   Number         0  entry.o ABSOLUTE
    ../clib/microlib/init/entry.s            0x00000000   Number         0  entry7b.o ABSOLUTE
    ../clib/microlib/init/entry.s            0x00000000   Number         0  entry2.o ABSOLUTE
    ../clib/microlib/init/entry.s            0x00000000   Number         0  entry5.o ABSOLUTE
    ../clib/microlib/init/entry.s            0x00000000   Number         0  entry7a.o ABSOLUTE
    ../clib/microlib/init/entry.s            0x00000000   Number         0  entry11b.o ABSOLUTE
    ../clib/microlib/init/entry.s            0x00000000   Number         0  entry11a.o ABSOLUTE
    ../clib/microlib/init/entry.s            0x00000000   Number         0  entry10b.o ABSOLUTE
    ../clib/microlib/init/entry.s            0x00000000   Number         0  entry10a.o ABSOLUTE
    ../clib/microlib/init/entry.s            0x00000000   Number         0  entry9b.o ABSOLUTE
    ../clib/microlib/init/entry.s            0x00000000   Number         0  entry9a.o ABSOLUTE
    ../clib/microlib/init/entry.s            0x00000000   Number         0  entry8b.o ABSOLUTE
    ../clib/microlib/init/entry.s            0x00000000   Number         0  entry8a.o ABSOLUTE
    ../clib/microlib/longlong.c              0x00000000   Number         0  llushr.o ABSOLUTE
    ../clib/microlib/longlong.c              0x00000000   Number         0  llshl.o ABSOLUTE
    ../clib/microlib/longlong.c              0x00000000   Number         0  llsshr.o ABSOLUTE
    ../clib/microlib/printf/printf.c         0x00000000   Number         0  printf8.o ABSOLUTE
    ../clib/microlib/printf/printf.c         0x00000000   Number         0  printf2.o ABSOLUTE
    ../clib/microlib/printf/printf.c         0x00000000   Number         0  printf0.o ABSOLUTE
    ../clib/microlib/printf/printf.c         0x00000000   Number         0  printf1.o ABSOLUTE
    ../clib/microlib/printf/printf.c         0x00000000   Number         0  printf4.o ABSOLUTE
    ../clib/microlib/printf/printf.c         0x00000000   Number         0  printfa.o ABSOLUTE
    ../clib/microlib/printf/printf.c         0x00000000   Number         0  printf3.o ABSOLUTE
    ../clib/microlib/printf/printf.c         0x00000000   Number         0  printfb.o ABSOLUTE
    ../clib/microlib/printf/printf.c         0x00000000   Number         0  printf5.o ABSOLUTE
    ../clib/microlib/printf/printf.c         0x00000000   Number         0  printf6.o ABSOLUTE
    ../clib/microlib/printf/printf.c         0x00000000   Number         0  printf7.o ABSOLUTE
    ../clib/microlib/printf/stubs.s          0x00000000   Number         0  stubs.o ABSOLUTE
    ../clib/microlib/stubs.s                 0x00000000   Number         0  iusefp.o ABSOLUTE
    ../clib/microlib/stubs.s                 0x00000000   Number         0  useno.o ABSOLUTE
    ../fplib/microlib/fpadd.c                0x00000000   Number         0  dadd.o ABSOLUTE
    ../fplib/microlib/fpdiv.c                0x00000000   Number         0  ddiv.o ABSOLUTE
    ../fplib/microlib/fpepilogue.c           0x00000000   Number         0  fepilogue.o ABSOLUTE
    ../fplib/microlib/fpepilogue.c           0x00000000   Number         0  depilogue.o ABSOLUTE
    ../fplib/microlib/fpfix.c                0x00000000   Number         0  ffixui.o ABSOLUTE
    ../fplib/microlib/fpfix.c                0x00000000   Number         0  dfixul.o ABSOLUTE
    ../fplib/microlib/fpfix.c                0x00000000   Number         0  dfixui.o ABSOLUTE
    ../fplib/microlib/fpfix.c                0x00000000   Number         0  dfixi.o ABSOLUTE
    ../fplib/microlib/fpflt.c                0x00000000   Number         0  dfltui.o ABSOLUTE
    ../fplib/microlib/fpflt.c                0x00000000   Number         0  fflti.o ABSOLUTE
    ../fplib/microlib/fpflt.c                0x00000000   Number         0  dflti.o ABSOLUTE
    ../fplib/microlib/fpmul.c                0x00000000   Number         0  dmul.o ABSOLUTE
    ..\CORE\core_cm3.c                       0x00000000   Number         0  core_cm3.o ABSOLUTE
    ..\CORE\startup_stm32f10x_hd.s           0x00000000   Number         0  startup_stm32f10x_hd.o ABSOLUTE
    ..\ENCODE\encode.c                       0x00000000   Number         0  encode.o ABSOLUTE
    ..\ENCODE\encode1.c                      0x00000000   Number         0  encode1.o ABSOLUTE
    ..\ENCODE\encode2.c                      0x00000000   Number         0  encode2.o ABSOLUTE
    ..\ENCODE\encode3.c                      0x00000000   Number         0  encode3.o ABSOLUTE
    ..\HARDWARE\ADC\adc.c                    0x00000000   Number         0  adc.o ABSOLUTE
    ..\HARDWARE\FUNCTION\flag_function.c     0x00000000   Number         0  flag_function.o ABSOLUTE
    ..\HARDWARE\FUNCTION\function.c          0x00000000   Number         0  function.o ABSOLUTE
    ..\HARDWARE\LED\LED.c                    0x00000000   Number         0  led.o ABSOLUTE
    ..\HARDWARE\PORT\port.c                  0x00000000   Number         0  port.o ABSOLUTE
    ..\RS485\Execute_function.c              0x00000000   Number         0  execute_function.o ABSOLUTE
    ..\RS485\Parse_frame_data.c              0x00000000   Number         0  parse_frame_data.o ABSOLUTE
    ..\RS485\RS485.c                         0x00000000   Number         0  rs485.o ABSOLUTE
    ..\RS485\crc16.c                         0x00000000   Number         0  crc16.o ABSOLUTE
    ..\STM32F10x_FWLib\src\misc.c            0x00000000   Number         0  misc.o ABSOLUTE
    ..\STM32F10x_FWLib\src\stm32f10x_adc.c   0x00000000   Number         0  stm32f10x_adc.o ABSOLUTE
    ..\STM32F10x_FWLib\src\stm32f10x_bkp.c   0x00000000   Number         0  stm32f10x_bkp.o ABSOLUTE
    ..\STM32F10x_FWLib\src\stm32f10x_can.c   0x00000000   Number         0  stm32f10x_can.o ABSOLUTE
    ..\STM32F10x_FWLib\src\stm32f10x_cec.c   0x00000000   Number         0  stm32f10x_cec.o ABSOLUTE
    ..\STM32F10x_FWLib\src\stm32f10x_crc.c   0x00000000   Number         0  stm32f10x_crc.o ABSOLUTE
    ..\STM32F10x_FWLib\src\stm32f10x_dac.c   0x00000000   Number         0  stm32f10x_dac.o ABSOLUTE
    ..\STM32F10x_FWLib\src\stm32f10x_dbgmcu.c 0x00000000   Number         0  stm32f10x_dbgmcu.o ABSOLUTE
    ..\STM32F10x_FWLib\src\stm32f10x_dma.c   0x00000000   Number         0  stm32f10x_dma.o ABSOLUTE
    ..\STM32F10x_FWLib\src\stm32f10x_exti.c  0x00000000   Number         0  stm32f10x_exti.o ABSOLUTE
    ..\STM32F10x_FWLib\src\stm32f10x_flash.c 0x00000000   Number         0  stm32f10x_flash.o ABSOLUTE
    ..\STM32F10x_FWLib\src\stm32f10x_fsmc.c  0x00000000   Number         0  stm32f10x_fsmc.o ABSOLUTE
    ..\STM32F10x_FWLib\src\stm32f10x_gpio.c  0x00000000   Number         0  stm32f10x_gpio.o ABSOLUTE
    ..\STM32F10x_FWLib\src\stm32f10x_i2c.c   0x00000000   Number         0  stm32f10x_i2c.o ABSOLUTE
    ..\STM32F10x_FWLib\src\stm32f10x_iwdg.c  0x00000000   Number         0  stm32f10x_iwdg.o ABSOLUTE
    ..\STM32F10x_FWLib\src\stm32f10x_pwr.c   0x00000000   Number         0  stm32f10x_pwr.o ABSOLUTE
    ..\STM32F10x_FWLib\src\stm32f10x_rcc.c   0x00000000   Number         0  stm32f10x_rcc.o ABSOLUTE
    ..\STM32F10x_FWLib\src\stm32f10x_rtc.c   0x00000000   Number         0  stm32f10x_rtc.o ABSOLUTE
    ..\STM32F10x_FWLib\src\stm32f10x_sdio.c  0x00000000   Number         0  stm32f10x_sdio.o ABSOLUTE
    ..\STM32F10x_FWLib\src\stm32f10x_spi.c   0x00000000   Number         0  stm32f10x_spi.o ABSOLUTE
    ..\STM32F10x_FWLib\src\stm32f10x_tim.c   0x00000000   Number         0  stm32f10x_tim.o ABSOLUTE
    ..\STM32F10x_FWLib\src\stm32f10x_usart.c 0x00000000   Number         0  stm32f10x_usart.o ABSOLUTE
    ..\STM32F10x_FWLib\src\stm32f10x_wwdg.c  0x00000000   Number         0  stm32f10x_wwdg.o ABSOLUTE
    ..\SYSTEM\delay\delay.c                  0x00000000   Number         0  delay.o ABSOLUTE
    ..\SYSTEM\sys\sys.c                      0x00000000   Number         0  sys.o ABSOLUTE
    ..\SYSTEM\usart\usart.c                  0x00000000   Number         0  usart.o ABSOLUTE
    ..\\CORE\\core_cm3.c                     0x00000000   Number         0  core_cm3.o ABSOLUTE
    cdrcmple.s                               0x00000000   Number         0  cdrcmple.o ABSOLUTE
    dc.s                                     0x00000000   Number         0  dc.o ABSOLUTE
    handlers.s                               0x00000000   Number         0  handlers.o ABSOLUTE
    init.s                                   0x00000000   Number         0  init.o ABSOLUTE
    main.c                                   0x00000000   Number         0  main.o ABSOLUTE
    stm32f10x_it.c                           0x00000000   Number         0  stm32f10x_it.o ABSOLUTE
    system_stm32f10x.c                       0x00000000   Number         0  system_stm32f10x.o ABSOLUTE
    RESET                                    0x08000000   Section      304  startup_stm32f10x_hd.o(RESET)
    .ARM.Collect$$$$00000000                 0x08000130   Section        0  entry.o(.ARM.Collect$$$$00000000)
    .ARM.Collect$$$$00000001                 0x08000130   Section        4  entry2.o(.ARM.Collect$$$$00000001)
    .ARM.Collect$$$$00000004                 0x08000134   Section        4  entry5.o(.ARM.Collect$$$$00000004)
    .ARM.Collect$$$$00000008                 0x08000138   Section        0  entry7b.o(.ARM.Collect$$$$00000008)
    .ARM.Collect$$$$0000000A                 0x08000138   Section        0  entry8b.o(.ARM.Collect$$$$0000000A)
    .ARM.Collect$$$$0000000B                 0x08000138   Section        8  entry9a.o(.ARM.Collect$$$$0000000B)
    .ARM.Collect$$$$0000000D                 0x08000140   Section        0  entry10a.o(.ARM.Collect$$$$0000000D)
    .ARM.Collect$$$$0000000F                 0x08000140   Section        0  entry11a.o(.ARM.Collect$$$$0000000F)
    .ARM.Collect$$$$00002712                 0x08000140   Section        4  entry2.o(.ARM.Collect$$$$00002712)
    __lit__00000000                          0x08000140   Data           4  entry2.o(.ARM.Collect$$$$00002712)
    .text                                    0x08000144   Section       36  startup_stm32f10x_hd.o(.text)
    .text                                    0x08000168   Section        0  dmul.o(.text)
    .text                                    0x0800024c   Section        0  fflti.o(.text)
    .text                                    0x0800025e   Section        0  dflti.o(.text)
    .text                                    0x08000280   Section        0  dfltui.o(.text)
    .text                                    0x0800029a   Section        0  ffixui.o(.text)
    .text                                    0x080002c2   Section        0  dfixi.o(.text)
    .text                                    0x08000300   Section        0  dfixui.o(.text)
    .text                                    0x08000332   Section        0  uidiv.o(.text)
    .text                                    0x0800035e   Section        0  llushr.o(.text)
    .text                                    0x0800037e   Section        0  iusefp.o(.text)
    .text                                    0x0800037e   Section        0  fepilogue.o(.text)
    .text                                    0x080003ec   Section        0  depilogue.o(.text)
    .text                                    0x080004a8   Section       36  init.o(.text)
    .text                                    0x080004cc   Section        0  llshl.o(.text)
    i.ADC_Cmd                                0x080004ea   Section        0  stm32f10x_adc.o(i.ADC_Cmd)
    i.ADC_DeInit                             0x08000500   Section        0  stm32f10x_adc.o(i.ADC_DeInit)
    i.ADC_GetCalibrationStatus               0x0800055c   Section        0  stm32f10x_adc.o(i.ADC_GetCalibrationStatus)
    i.ADC_GetConversionValue                 0x08000570   Section        0  stm32f10x_adc.o(i.ADC_GetConversionValue)
    i.ADC_GetFlagStatus                      0x08000578   Section        0  stm32f10x_adc.o(i.ADC_GetFlagStatus)
    i.ADC_GetResetCalibrationStatus          0x0800058a   Section        0  stm32f10x_adc.o(i.ADC_GetResetCalibrationStatus)
    i.ADC_Init                               0x080005a0   Section        0  stm32f10x_adc.o(i.ADC_Init)
    i.ADC_NS                                 0x080005f0   Section        0  adc.o(i.ADC_NS)
    i.ADC_RegularChannelConfig               0x08000648   Section        0  stm32f10x_adc.o(i.ADC_RegularChannelConfig)
    i.ADC_ResetCalibration                   0x08000700   Section        0  stm32f10x_adc.o(i.ADC_ResetCalibration)
    i.ADC_Send_Data                          0x0800070c   Section        0  adc.o(i.ADC_Send_Data)
    i.ADC_SoftwareStartConvCmd               0x08000728   Section        0  stm32f10x_adc.o(i.ADC_SoftwareStartConvCmd)
    i.ADC_StartCalibration                   0x0800073e   Section        0  stm32f10x_adc.o(i.ADC_StartCalibration)
    i.ANGLE1_function                        0x08000748   Section        0  function.o(i.ANGLE1_function)
    i.ANGLE2_function                        0x080007c8   Section        0  function.o(i.ANGLE2_function)
    i.ANGLE3_function                        0x0800084c   Section        0  function.o(i.ANGLE3_function)
    i.Adc_Init                               0x080008c8   Section        0  adc.o(i.Adc_Init)
    i.Baijiao_function                       0x0800095c   Section        0  function.o(i.Baijiao_function)
    i.BusFault_Handler                       0x08000a2c   Section        0  stm32f10x_it.o(i.BusFault_Handler)
    i.DISTANCE_function                      0x08000a30   Section        0  function.o(i.DISTANCE_function)
    i.DebugMon_Handler                       0x08000ac8   Section        0  stm32f10x_it.o(i.DebugMon_Handler)
    i.ENCODE_function                        0x08000acc   Section        0  function.o(i.ENCODE_function)
    i.FEEDBACK_PROTOCOL_CHECK                0x08000d90   Section        0  parse_frame_data.o(i.FEEDBACK_PROTOCOL_CHECK)
    i.GPIO_Init                              0x08000e20   Section        0  stm32f10x_gpio.o(i.GPIO_Init)
    i.GPIO_PinRemapConfig                    0x08000f38   Section        0  stm32f10x_gpio.o(i.GPIO_PinRemapConfig)
    i.GPIO_ReadInputDataBit                  0x08000fc8   Section        0  stm32f10x_gpio.o(i.GPIO_ReadInputDataBit)
    i.GPIO_ResetBits                         0x08000fda   Section        0  stm32f10x_gpio.o(i.GPIO_ResetBits)
    i.GPIO_SetBits                           0x08000fde   Section        0  stm32f10x_gpio.o(i.GPIO_SetBits)
    i.GPIO_StructInit                        0x08000fe2   Section        0  stm32f10x_gpio.o(i.GPIO_StructInit)
    i.GetCRC16                               0x08000ff4   Section        0  crc16.o(i.GetCRC16)
    i.Get_Adc                                0x0800103c   Section        0  adc.o(i.Get_Adc)
    i.Get_Adc_Average                        0x08001070   Section        0  adc.o(i.Get_Adc_Average)
    i.HardFault_Handler                      0x0800109e   Section        0  stm32f10x_it.o(i.HardFault_Handler)
    i.LED_Init                               0x080010a4   Section        0  led.o(i.LED_Init)
    i.MemManage_Handler                      0x080010f0   Section        0  stm32f10x_it.o(i.MemManage_Handler)
    i.NMI_Handler                            0x080010f4   Section        0  stm32f10x_it.o(i.NMI_Handler)
    i.NVIC_Init                              0x080010f8   Section        0  misc.o(i.NVIC_Init)
    i.NVIC_PriorityGroupConfig               0x08001168   Section        0  misc.o(i.NVIC_PriorityGroupConfig)
    i.ON_OFF_Init                            0x0800117c   Section        0  port.o(i.ON_OFF_Init)
    i.PORT_GPIO_Config                       0x080011a4   Section        0  port.o(i.PORT_GPIO_Config)
    i.PendSV_Handler                         0x080012b4   Section        0  stm32f10x_it.o(i.PendSV_Handler)
    i.QianYin_function                       0x080012b8   Section        0  function.o(i.QianYin_function)
    i.RCC_ADCCLKConfig                       0x0800132c   Section        0  stm32f10x_rcc.o(i.RCC_ADCCLKConfig)
    i.RCC_APB1PeriphClockCmd                 0x08001344   Section        0  stm32f10x_rcc.o(i.RCC_APB1PeriphClockCmd)
    i.RCC_APB1PeriphResetCmd                 0x08001364   Section        0  stm32f10x_rcc.o(i.RCC_APB1PeriphResetCmd)
    i.RCC_APB2PeriphClockCmd                 0x08001384   Section        0  stm32f10x_rcc.o(i.RCC_APB2PeriphClockCmd)
    i.RCC_APB2PeriphResetCmd                 0x080013a4   Section        0  stm32f10x_rcc.o(i.RCC_APB2PeriphResetCmd)
    i.RCC_GetClocksFreq                      0x080013c4   Section        0  stm32f10x_rcc.o(i.RCC_GetClocksFreq)
    i.RS485_Send_Data                        0x08001498   Section        0  rs485.o(i.RS485_Send_Data)
    i.RS485_init                             0x080014dc   Section        0  rs485.o(i.RS485_init)
    i.Ready_Send                             0x08001594   Section        0  rs485.o(i.Ready_Send)
    i.STOP                                   0x080015b8   Section        0  function.o(i.STOP)
    i.SVC_Handler                            0x080015fc   Section        0  stm32f10x_it.o(i.SVC_Handler)
    i.SetSysClock                            0x080015fe   Section        0  system_stm32f10x.o(i.SetSysClock)
    SetSysClock                              0x080015ff   Thumb Code     8  system_stm32f10x.o(i.SetSysClock)
    i.SetSysClockTo72                        0x08001608   Section        0  system_stm32f10x.o(i.SetSysClockTo72)
    SetSysClockTo72                          0x08001609   Thumb Code   214  system_stm32f10x.o(i.SetSysClockTo72)
    i.SysTick_CLKSourceConfig                0x080016e8   Section        0  misc.o(i.SysTick_CLKSourceConfig)
    i.SysTick_Handler                        0x08001710   Section        0  stm32f10x_it.o(i.SysTick_Handler)
    i.SystemInit                             0x08001714   Section        0  system_stm32f10x.o(i.SystemInit)
    i.TI1_Config                             0x08001774   Section        0  stm32f10x_tim.o(i.TI1_Config)
    TI1_Config                               0x08001775   Thumb Code   108  stm32f10x_tim.o(i.TI1_Config)
    i.TI2_Config                             0x080017f4   Section        0  stm32f10x_tim.o(i.TI2_Config)
    TI2_Config                               0x080017f5   Thumb Code   130  stm32f10x_tim.o(i.TI2_Config)
    i.TI3_Config                             0x0800188c   Section        0  stm32f10x_tim.o(i.TI3_Config)
    TI3_Config                               0x0800188d   Thumb Code   122  stm32f10x_tim.o(i.TI3_Config)
    i.TI4_Config                             0x0800191c   Section        0  stm32f10x_tim.o(i.TI4_Config)
    TI4_Config                               0x0800191d   Thumb Code   130  stm32f10x_tim.o(i.TI4_Config)
    i.TIM1_Init                              0x080019b4   Section        0  encode3.o(i.TIM1_Init)
    i.TIM1_Mode_Config                       0x080019bc   Section        0  encode3.o(i.TIM1_Mode_Config)
    i.TIM2_Init                              0x08001a7c   Section        0  encode2.o(i.TIM2_Init)
    i.TIM2_Mode_Config                       0x08001a84   Section        0  encode2.o(i.TIM2_Mode_Config)
    i.TIM3_Init                              0x08001b38   Section        0  encode1.o(i.TIM3_Init)
    i.TIM3_Mode_Config                       0x08001b40   Section        0  encode1.o(i.TIM3_Mode_Config)
    i.TIM4_Init                              0x08001bec   Section        0  encode.o(i.TIM4_Init)
    i.TIM4_Mode_Config                       0x08001bf4   Section        0  encode.o(i.TIM4_Mode_Config)
    i.TIM_ClearFlag                          0x08001cac   Section        0  stm32f10x_tim.o(i.TIM_ClearFlag)
    i.TIM_ClearITPendingBit                  0x08001cb2   Section        0  stm32f10x_tim.o(i.TIM_ClearITPendingBit)
    i.TIM_Cmd                                0x08001cb8   Section        0  stm32f10x_tim.o(i.TIM_Cmd)
    i.TIM_DeInit                             0x08001cd0   Section        0  stm32f10x_tim.o(i.TIM_DeInit)
    i.TIM_EncoderInterfaceConfig             0x08001eb8   Section        0  stm32f10x_tim.o(i.TIM_EncoderInterfaceConfig)
    i.TIM_ICInit                             0x08001efc   Section        0  stm32f10x_tim.o(i.TIM_ICInit)
    i.TIM_ICStructInit                       0x08001fa8   Section        0  stm32f10x_tim.o(i.TIM_ICStructInit)
    i.TIM_ITConfig                           0x08001fba   Section        0  stm32f10x_tim.o(i.TIM_ITConfig)
    i.TIM_SetIC1Prescaler                    0x08001fcc   Section        0  stm32f10x_tim.o(i.TIM_SetIC1Prescaler)
    i.TIM_SetIC2Prescaler                    0x08001fde   Section        0  stm32f10x_tim.o(i.TIM_SetIC2Prescaler)
    i.TIM_SetIC3Prescaler                    0x08001ff8   Section        0  stm32f10x_tim.o(i.TIM_SetIC3Prescaler)
    i.TIM_SetIC4Prescaler                    0x0800200a   Section        0  stm32f10x_tim.o(i.TIM_SetIC4Prescaler)
    i.TIM_TimeBaseInit                       0x08002024   Section        0  stm32f10x_tim.o(i.TIM_TimeBaseInit)
    i.TIM_TimeBaseStructInit                 0x080020c8   Section        0  stm32f10x_tim.o(i.TIM_TimeBaseStructInit)
    i.USART1_IRQHandler                      0x080020dc   Section        0  usart.o(i.USART1_IRQHandler)
    i.USART2_IRQHandler                      0x08002180   Section        0  stm32f10x_it.o(i.USART2_IRQHandler)
    i.USART_Cmd                              0x08002208   Section        0  stm32f10x_usart.o(i.USART_Cmd)
    i.USART_GetFlagStatus                    0x08002220   Section        0  stm32f10x_usart.o(i.USART_GetFlagStatus)
    i.USART_GetITStatus                      0x0800223a   Section        0  stm32f10x_usart.o(i.USART_GetITStatus)
    i.USART_ITConfig                         0x0800228e   Section        0  stm32f10x_usart.o(i.USART_ITConfig)
    i.USART_Init                             0x080022d8   Section        0  stm32f10x_usart.o(i.USART_Init)
    i.USART_ReceiveData                      0x080023b0   Section        0  stm32f10x_usart.o(i.USART_ReceiveData)
    i.USART_SendData                         0x080023ba   Section        0  stm32f10x_usart.o(i.USART_SendData)
    i.UsageFault_Handler                     0x080023c2   Section        0  stm32f10x_it.o(i.UsageFault_Handler)
    i.Xuanjiao_function                      0x080023c8   Section        0  function.o(i.Xuanjiao_function)
    i.__0printf$1                            0x0800249c   Section        0  printf1.o(i.__0printf$1)
    i.__scatterload_copy                     0x080024bc   Section       14  handlers.o(i.__scatterload_copy)
    i.__scatterload_null                     0x080024ca   Section        2  handlers.o(i.__scatterload_null)
    i.__scatterload_zeroinit                 0x080024cc   Section       14  handlers.o(i.__scatterload_zeroinit)
    i._printf_core                           0x080024dc   Section        0  printf1.o(i._printf_core)
    _printf_core                             0x080024dd   Thumb Code   336  printf1.o(i._printf_core)
    i.base_function                          0x08002630   Section        0  flag_function.o(i.base_function)
    i.clear_basefunction_flag                0x08002730   Section        0  flag_function.o(i.clear_basefunction_flag)
    i.clear_resetfunction_flag               0x08002744   Section        0  flag_function.o(i.clear_resetfunction_flag)
    i.clear_setdatafunction_flag             0x08002758   Section        0  flag_function.o(i.clear_setdatafunction_flag)
    i.date_function                          0x0800276c   Section        0  flag_function.o(i.date_function)
    i.delay_init                             0x080027c0   Section        0  delay.o(i.delay_init)
    i.delay_ms                               0x08002804   Section        0  delay.o(i.delay_ms)
    i.delay_us                               0x08002850   Section        0  delay.o(i.delay_us)
    i.encode                                 0x0800289c   Section        0  encode.o(i.encode)
    i.encode1                                0x08002944   Section        0  encode1.o(i.encode1)
    i.encode1_RESET                          0x08002a78   Section        0  encode1.o(i.encode1_RESET)
    i.encode1_Send_Data                      0x08002af4   Section        0  encode1.o(i.encode1_Send_Data)
    i.encode1_limit                          0x08002b10   Section        0  encode1.o(i.encode1_limit)
    i.encode2                                0x08002b54   Section        0  encode2.o(i.encode2)
    i.encode2_RESET                          0x08002c84   Section        0  encode2.o(i.encode2_RESET)
    i.encode2_Send_Data                      0x08002d00   Section        0  encode2.o(i.encode2_Send_Data)
    i.encode2_limit                          0x08002d1c   Section        0  encode2.o(i.encode2_limit)
    i.encode3                                0x08002d60   Section        0  encode3.o(i.encode3)
    i.encode3_RESET                          0x08002e94   Section        0  encode3.o(i.encode3_RESET)
    i.encode3_Send_Data                      0x08002f10   Section        0  encode3.o(i.encode3_Send_Data)
    i.encode3_limit                          0x08002f2c   Section        0  encode3.o(i.encode3_limit)
    i.encode_RESET                           0x08002f70   Section        0  encode.o(i.encode_RESET)
    i.encode_Send_Data                       0x08002fc0   Section        0  encode.o(i.encode_Send_Data)
    i.encode_limit                           0x08002fe0   Section        0  encode.o(i.encode_limit)
    i.flag_function_configure                0x08003070   Section        0  execute_function.o(i.flag_function_configure)
    i.fputc                                  0x08003330   Section        0  usart.o(i.fputc)
    i.main                                   0x0800334c   Section        0  main.o(i.main)
    i.pack_protocol                          0x08003420   Section        0  parse_frame_data.o(i.pack_protocol)
    i.protocol_frame                         0x080035b0   Section        0  parse_frame_data.o(i.protocol_frame)
    i.reset_function                         0x08003620   Section        0  flag_function.o(i.reset_function)
    i.setdata_function                       0x08003804   Section        0  flag_function.o(i.setdata_function)
    i.uart_init                              0x08003840   Section        0  usart.o(i.uart_init)
    .constdata                               0x080038ec   Section      512  crc16.o(.constdata)
    .data                                    0x20000000   Section        9  stm32f10x_it.o(.data)
    .data                                    0x2000000c   Section       20  system_stm32f10x.o(.data)
    .data                                    0x20000020   Section        4  delay.o(.data)
    fac_us                                   0x20000020   Data           1  delay.o(.data)
    fac_ms                                   0x20000022   Data           2  delay.o(.data)
    .data                                    0x20000024   Section        6  usart.o(.data)
    .data                                    0x2000002a   Section       20  stm32f10x_rcc.o(.data)
    APBAHBPrescTable                         0x2000002a   Data          16  stm32f10x_rcc.o(.data)
    ADCPrescTable                            0x2000003a   Data           4  stm32f10x_rcc.o(.data)
    .data                                    0x2000003e   Section        1  adc.o(.data)
    .data                                    0x20000040   Section       16  encode.o(.data)
    updateflag                               0x20000040   Data           1  encode.o(.data)
    update_base_flag                         0x20000041   Data           1  encode.o(.data)
    update_reset_flag                        0x20000042   Data           1  encode.o(.data)
    update_date_flag                         0x20000043   Data           1  encode.o(.data)
    dir                                      0x2000004c   Data           4  encode.o(.data)
    .data                                    0x20000050   Section       20  encode1.o(.data)
    updateflag                               0x20000050   Data           1  encode1.o(.data)
    update_base_flag                         0x20000051   Data           1  encode1.o(.data)
    update_reset_flag                        0x20000052   Data           1  encode1.o(.data)
    update_date_flag                         0x20000053   Data           1  encode1.o(.data)
    dir1                                     0x20000060   Data           4  encode1.o(.data)
    .data                                    0x20000064   Section       20  encode2.o(.data)
    updateflag                               0x20000064   Data           1  encode2.o(.data)
    update_base_flag                         0x20000065   Data           1  encode2.o(.data)
    update_reset_flag                        0x20000066   Data           1  encode2.o(.data)
    update_date_flag                         0x20000067   Data           1  encode2.o(.data)
    dir2                                     0x20000074   Data           4  encode2.o(.data)
    .data                                    0x20000078   Section       20  encode3.o(.data)
    updateflag                               0x20000078   Data           1  encode3.o(.data)
    update_base_flag                         0x20000079   Data           1  encode3.o(.data)
    update_reset_flag                        0x2000007a   Data           1  encode3.o(.data)
    update_date_flag                         0x2000007b   Data           1  encode3.o(.data)
    dir3                                     0x20000088   Data           4  encode3.o(.data)
    .data                                    0x2000008c   Section       20  parse_frame_data.o(.data)
    .data                                    0x200000a0   Section       11  execute_function.o(.data)
    updateflag                               0x200000a0   Data           1  execute_function.o(.data)
    update_base_flag                         0x200000a1   Data           1  execute_function.o(.data)
    update_reset_flag                        0x200000a2   Data           1  execute_function.o(.data)
    update_date_flag                         0x200000a3   Data           1  execute_function.o(.data)
    .bss                                     0x200000ac   Section      128  stm32f10x_it.o(.bss)
    .bss                                     0x2000012c   Section      200  usart.o(.bss)
    STACK                                    0x200001f8   Section     1024  startup_stm32f10x_hd.o(STACK)

    Global Symbols

    Symbol Name                              Value     Ov Type        Size  Object(Section)

    BuildAttributes$$THM_ISAv4$P$D$K$B$S$PE$A:L22UL41UL21$X:L11$S22US41US21$IEEE1$IW$USESV6$~STKCKD$USESV7$~SHL$OTIME$ROPI$EBA8$MICROLIB$REQ8$PRES8$EABIv2 0x00000000   Number         0  anon$$obj.o ABSOLUTE
    __ARM_use_no_argv                        0x00000000   Number         0  main.o ABSOLUTE
    __use_no_errno                           0x00000000   Number         0  useno.o ABSOLUTE
    __use_no_exception_handling              0x00000000   Number         0  useno.o ABSOLUTE
    __use_no_fp                              0x00000000   Number         0  useno.o ABSOLUTE
    __use_no_heap                            0x00000000   Number         0  useno.o ABSOLUTE
    __use_no_heap_region                     0x00000000   Number         0  useno.o ABSOLUTE
    __use_no_semihosting                     0x00000000   Number         0  useno.o ABSOLUTE
    __use_no_semihosting_swi                 0x00000000   Number         0  useno.o ABSOLUTE
    __use_no_signal_handling                 0x00000000   Number         0  useno.o ABSOLUTE
    _printf_a                                0x00000000   Number         0  stubs.o ABSOLUTE
    _printf_c                                0x00000000   Number         0  stubs.o ABSOLUTE
    _printf_charcount                        0x00000000   Number         0  stubs.o ABSOLUTE
    _printf_d                                0x00000000   Number         0  stubs.o ABSOLUTE
    _printf_e                                0x00000000   Number         0  stubs.o ABSOLUTE
    _printf_f                                0x00000000   Number         0  stubs.o ABSOLUTE
    _printf_flags                            0x00000000   Number         0  stubs.o ABSOLUTE
    _printf_fp_dec                           0x00000000   Number         0  stubs.o ABSOLUTE
    _printf_fp_hex                           0x00000000   Number         0  stubs.o ABSOLUTE
    _printf_g                                0x00000000   Number         0  stubs.o ABSOLUTE
    _printf_i                                0x00000000   Number         0  stubs.o ABSOLUTE
    _printf_int_dec                          0x00000000   Number         0  stubs.o ABSOLUTE
    _printf_l                                0x00000000   Number         0  stubs.o ABSOLUTE
    _printf_lc                               0x00000000   Number         0  stubs.o ABSOLUTE
    _printf_ll                               0x00000000   Number         0  stubs.o ABSOLUTE
    _printf_lld                              0x00000000   Number         0  stubs.o ABSOLUTE
    _printf_lli                              0x00000000   Number         0  stubs.o ABSOLUTE
    _printf_llo                              0x00000000   Number         0  stubs.o ABSOLUTE
    _printf_llu                              0x00000000   Number         0  stubs.o ABSOLUTE
    _printf_llx                              0x00000000   Number         0  stubs.o ABSOLUTE
    _printf_longlong_dec                     0x00000000   Number         0  stubs.o ABSOLUTE
    _printf_longlong_hex                     0x00000000   Number         0  stubs.o ABSOLUTE
    _printf_longlong_oct                     0x00000000   Number         0  stubs.o ABSOLUTE
    _printf_ls                               0x00000000   Number         0  stubs.o ABSOLUTE
    _printf_mbtowc                           0x00000000   Number         0  stubs.o ABSOLUTE
    _printf_n                                0x00000000   Number         0  stubs.o ABSOLUTE
    _printf_o                                0x00000000   Number         0  stubs.o ABSOLUTE
    _printf_p                                0x00000000   Number         0  stubs.o ABSOLUTE
    _printf_percent                          0x00000000   Number         0  stubs.o ABSOLUTE
    _printf_pre_padding                      0x00000000   Number         0  stubs.o ABSOLUTE
    _printf_return_value                     0x00000000   Number         0  stubs.o ABSOLUTE
    _printf_s                                0x00000000   Number         0  stubs.o ABSOLUTE
    _printf_sizespec                         0x00000000   Number         0  stubs.o ABSOLUTE
    _printf_str                              0x00000000   Number         0  stubs.o ABSOLUTE
    _printf_truncate_signed                  0x00000000   Number         0  stubs.o ABSOLUTE
    _printf_truncate_unsigned                0x00000000   Number         0  stubs.o ABSOLUTE
    _printf_u                                0x00000000   Number         0  stubs.o ABSOLUTE
    _printf_wc                               0x00000000   Number         0  stubs.o ABSOLUTE
    _printf_wctomb                           0x00000000   Number         0  stubs.o ABSOLUTE
    _printf_widthprec                        0x00000000   Number         0  stubs.o ABSOLUTE
    _printf_x                                0x00000000   Number         0  stubs.o ABSOLUTE
    __cpp_initialize__aeabi_                  - Undefined Weak Reference
    __cxa_finalize                            - Undefined Weak Reference
    __decompress                              - Undefined Weak Reference
    _clock_init                               - Undefined Weak Reference
    _microlib_exit                            - Undefined Weak Reference
    __Vectors_Size                           0x00000130   Number         0  startup_stm32f10x_hd.o ABSOLUTE
    __Vectors                                0x08000000   Data           4  startup_stm32f10x_hd.o(RESET)
    __Vectors_End                            0x08000130   Data           0  startup_stm32f10x_hd.o(RESET)
    __main                                   0x08000131   Thumb Code     0  entry.o(.ARM.Collect$$$$00000000)
    _main_stk                                0x08000131   Thumb Code     0  entry2.o(.ARM.Collect$$$$00000001)
    _main_scatterload                        0x08000135   Thumb Code     0  entry5.o(.ARM.Collect$$$$00000004)
    __main_after_scatterload                 0x08000139   Thumb Code     0  entry5.o(.ARM.Collect$$$$00000004)
    _main_clock                              0x08000139   Thumb Code     0  entry7b.o(.ARM.Collect$$$$00000008)
    _main_cpp_init                           0x08000139   Thumb Code     0  entry8b.o(.ARM.Collect$$$$0000000A)
    _main_init                               0x08000139   Thumb Code     0  entry9a.o(.ARM.Collect$$$$0000000B)
    __rt_final_cpp                           0x08000141   Thumb Code     0  entry10a.o(.ARM.Collect$$$$0000000D)
    __rt_final_exit                          0x08000141   Thumb Code     0  entry11a.o(.ARM.Collect$$$$0000000F)
    Reset_Handler                            0x08000145   Thumb Code     8  startup_stm32f10x_hd.o(.text)
    ADC1_2_IRQHandler                        0x0800015f   Thumb Code     0  startup_stm32f10x_hd.o(.text)
    ADC3_IRQHandler                          0x0800015f   Thumb Code     0  startup_stm32f10x_hd.o(.text)
    CAN1_RX1_IRQHandler                      0x0800015f   Thumb Code     0  startup_stm32f10x_hd.o(.text)
    CAN1_SCE_IRQHandler                      0x0800015f   Thumb Code     0  startup_stm32f10x_hd.o(.text)
    DMA1_Channel1_IRQHandler                 0x0800015f   Thumb Code     0  startup_stm32f10x_hd.o(.text)
    DMA1_Channel2_IRQHandler                 0x0800015f   Thumb Code     0  startup_stm32f10x_hd.o(.text)
    DMA1_Channel3_IRQHandler                 0x0800015f   Thumb Code     0  startup_stm32f10x_hd.o(.text)
    DMA1_Channel4_IRQHandler                 0x0800015f   Thumb Code     0  startup_stm32f10x_hd.o(.text)
    DMA1_Channel5_IRQHandler                 0x0800015f   Thumb Code     0  startup_stm32f10x_hd.o(.text)
    DMA1_Channel6_IRQHandler                 0x0800015f   Thumb Code     0  startup_stm32f10x_hd.o(.text)
    DMA1_Channel7_IRQHandler                 0x0800015f   Thumb Code     0  startup_stm32f10x_hd.o(.text)
    DMA2_Channel1_IRQHandler                 0x0800015f   Thumb Code     0  startup_stm32f10x_hd.o(.text)
    DMA2_Channel2_IRQHandler                 0x0800015f   Thumb Code     0  startup_stm32f10x_hd.o(.text)
    DMA2_Channel3_IRQHandler                 0x0800015f   Thumb Code     0  startup_stm32f10x_hd.o(.text)
    DMA2_Channel4_5_IRQHandler               0x0800015f   Thumb Code     0  startup_stm32f10x_hd.o(.text)
    EXTI0_IRQHandler                         0x0800015f   Thumb Code     0  startup_stm32f10x_hd.o(.text)
    EXTI15_10_IRQHandler                     0x0800015f   Thumb Code     0  startup_stm32f10x_hd.o(.text)
    EXTI1_IRQHandler                         0x0800015f   Thumb Code     0  startup_stm32f10x_hd.o(.text)
    EXTI2_IRQHandler                         0x0800015f   Thumb Code     0  startup_stm32f10x_hd.o(.text)
    EXTI3_IRQHandler                         0x0800015f   Thumb Code     0  startup_stm32f10x_hd.o(.text)
    EXTI4_IRQHandler                         0x0800015f   Thumb Code     0  startup_stm32f10x_hd.o(.text)
    EXTI9_5_IRQHandler                       0x0800015f   Thumb Code     0  startup_stm32f10x_hd.o(.text)
    FLASH_IRQHandler                         0x0800015f   Thumb Code     0  startup_stm32f10x_hd.o(.text)
    FSMC_IRQHandler                          0x0800015f   Thumb Code     0  startup_stm32f10x_hd.o(.text)
    I2C1_ER_IRQHandler                       0x0800015f   Thumb Code     0  startup_stm32f10x_hd.o(.text)
    I2C1_EV_IRQHandler                       0x0800015f   Thumb Code     0  startup_stm32f10x_hd.o(.text)
    I2C2_ER_IRQHandler                       0x0800015f   Thumb Code     0  startup_stm32f10x_hd.o(.text)
    I2C2_EV_IRQHandler                       0x0800015f   Thumb Code     0  startup_stm32f10x_hd.o(.text)
    PVD_IRQHandler                           0x0800015f   Thumb Code     0  startup_stm32f10x_hd.o(.text)
    RCC_IRQHandler                           0x0800015f   Thumb Code     0  startup_stm32f10x_hd.o(.text)
    RTCAlarm_IRQHandler                      0x0800015f   Thumb Code     0  startup_stm32f10x_hd.o(.text)
    RTC_IRQHandler                           0x0800015f   Thumb Code     0  startup_stm32f10x_hd.o(.text)
    SDIO_IRQHandler                          0x0800015f   Thumb Code     0  startup_stm32f10x_hd.o(.text)
    SPI1_IRQHandler                          0x0800015f   Thumb Code     0  startup_stm32f10x_hd.o(.text)
    SPI2_IRQHandler                          0x0800015f   Thumb Code     0  startup_stm32f10x_hd.o(.text)
    SPI3_IRQHandler                          0x0800015f   Thumb Code     0  startup_stm32f10x_hd.o(.text)
    TAMPER_IRQHandler                        0x0800015f   Thumb Code     0  startup_stm32f10x_hd.o(.text)
    TIM1_BRK_IRQHandler                      0x0800015f   Thumb Code     0  startup_stm32f10x_hd.o(.text)
    TIM1_CC_IRQHandler                       0x0800015f   Thumb Code     0  startup_stm32f10x_hd.o(.text)
    TIM1_TRG_COM_IRQHandler                  0x0800015f   Thumb Code     0  startup_stm32f10x_hd.o(.text)
    TIM1_UP_IRQHandler                       0x0800015f   Thumb Code     0  startup_stm32f10x_hd.o(.text)
    TIM2_IRQHandler                          0x0800015f   Thumb Code     0  startup_stm32f10x_hd.o(.text)
    TIM3_IRQHandler                          0x0800015f   Thumb Code     0  startup_stm32f10x_hd.o(.text)
    TIM4_IRQHandler                          0x0800015f   Thumb Code     0  startup_stm32f10x_hd.o(.text)
    TIM5_IRQHandler                          0x0800015f   Thumb Code     0  startup_stm32f10x_hd.o(.text)
    TIM6_IRQHandler                          0x0800015f   Thumb Code     0  startup_stm32f10x_hd.o(.text)
    TIM7_IRQHandler                          0x0800015f   Thumb Code     0  startup_stm32f10x_hd.o(.text)
    TIM8_BRK_IRQHandler                      0x0800015f   Thumb Code     0  startup_stm32f10x_hd.o(.text)
    TIM8_CC_IRQHandler                       0x0800015f   Thumb Code     0  startup_stm32f10x_hd.o(.text)
    TIM8_TRG_COM_IRQHandler                  0x0800015f   Thumb Code     0  startup_stm32f10x_hd.o(.text)
    TIM8_UP_IRQHandler                       0x0800015f   Thumb Code     0  startup_stm32f10x_hd.o(.text)
    UART4_IRQHandler                         0x0800015f   Thumb Code     0  startup_stm32f10x_hd.o(.text)
    UART5_IRQHandler                         0x0800015f   Thumb Code     0  startup_stm32f10x_hd.o(.text)
    USART3_IRQHandler                        0x0800015f   Thumb Code     0  startup_stm32f10x_hd.o(.text)
    USBWakeUp_IRQHandler                     0x0800015f   Thumb Code     0  startup_stm32f10x_hd.o(.text)
    USB_HP_CAN1_TX_IRQHandler                0x0800015f   Thumb Code     0  startup_stm32f10x_hd.o(.text)
    USB_LP_CAN1_RX0_IRQHandler               0x0800015f   Thumb Code     0  startup_stm32f10x_hd.o(.text)
    WWDG_IRQHandler                          0x0800015f   Thumb Code     0  startup_stm32f10x_hd.o(.text)
    __aeabi_dmul                             0x08000169   Thumb Code   228  dmul.o(.text)
    __aeabi_i2f                              0x0800024d   Thumb Code    18  fflti.o(.text)
    __aeabi_i2d                              0x0800025f   Thumb Code    34  dflti.o(.text)
    __aeabi_ui2d                             0x08000281   Thumb Code    26  dfltui.o(.text)
    __aeabi_f2uiz                            0x0800029b   Thumb Code    40  ffixui.o(.text)
    __aeabi_d2iz                             0x080002c3   Thumb Code    62  dfixi.o(.text)
    __aeabi_d2uiz                            0x08000301   Thumb Code    50  dfixui.o(.text)
    __aeabi_uidiv                            0x08000333   Thumb Code     0  uidiv.o(.text)
    __aeabi_uidivmod                         0x08000333   Thumb Code    44  uidiv.o(.text)
    __aeabi_llsr                             0x0800035f   Thumb Code    32  llushr.o(.text)
    _ll_ushift_r                             0x0800035f   Thumb Code     0  llushr.o(.text)
    __I$use$fp                               0x0800037f   Thumb Code     0  iusefp.o(.text)
    _float_round                             0x0800037f   Thumb Code    18  fepilogue.o(.text)
    _float_epilogue                          0x08000391   Thumb Code    92  fepilogue.o(.text)
    _double_round                            0x080003ed   Thumb Code    30  depilogue.o(.text)
    _double_epilogue                         0x0800040b   Thumb Code   156  depilogue.o(.text)
    __scatterload                            0x080004a9   Thumb Code    28  init.o(.text)
    __scatterload_rt2                        0x080004a9   Thumb Code     0  init.o(.text)
    __aeabi_llsl                             0x080004cd   Thumb Code    30  llshl.o(.text)
    _ll_shift_l                              0x080004cd   Thumb Code     0  llshl.o(.text)
    ADC_Cmd                                  0x080004eb   Thumb Code    22  stm32f10x_adc.o(i.ADC_Cmd)
    ADC_DeInit                               0x08000501   Thumb Code    78  stm32f10x_adc.o(i.ADC_DeInit)
    ADC_GetCalibrationStatus                 0x0800055d   Thumb Code    20  stm32f10x_adc.o(i.ADC_GetCalibrationStatus)
    ADC_GetConversionValue                   0x08000571   Thumb Code     8  stm32f10x_adc.o(i.ADC_GetConversionValue)
    ADC_GetFlagStatus                        0x08000579   Thumb Code    18  stm32f10x_adc.o(i.ADC_GetFlagStatus)
    ADC_GetResetCalibrationStatus            0x0800058b   Thumb Code    20  stm32f10x_adc.o(i.ADC_GetResetCalibrationStatus)
    ADC_Init                                 0x080005a1   Thumb Code    70  stm32f10x_adc.o(i.ADC_Init)
    ADC_NS                                   0x080005f1   Thumb Code    76  adc.o(i.ADC_NS)
    ADC_RegularChannelConfig                 0x08000649   Thumb Code   184  stm32f10x_adc.o(i.ADC_RegularChannelConfig)
    ADC_ResetCalibration                     0x08000701   Thumb Code    10  stm32f10x_adc.o(i.ADC_ResetCalibration)
    ADC_Send_Data                            0x0800070d   Thumb Code    22  adc.o(i.ADC_Send_Data)
    ADC_SoftwareStartConvCmd                 0x08000729   Thumb Code    22  stm32f10x_adc.o(i.ADC_SoftwareStartConvCmd)
    ADC_StartCalibration                     0x0800073f   Thumb Code    10  stm32f10x_adc.o(i.ADC_StartCalibration)
    ANGLE1_function                          0x08000749   Thumb Code   120  function.o(i.ANGLE1_function)
    ANGLE2_function                          0x080007c9   Thumb Code   124  function.o(i.ANGLE2_function)
    ANGLE3_function                          0x0800084d   Thumb Code   114  function.o(i.ANGLE3_function)
    Adc_Init                                 0x080008c9   Thumb Code   140  adc.o(i.Adc_Init)
    Baijiao_function                         0x0800095d   Thumb Code   196  function.o(i.Baijiao_function)
    BusFault_Handler                         0x08000a2d   Thumb Code     4  stm32f10x_it.o(i.BusFault_Handler)
    DISTANCE_function                        0x08000a31   Thumb Code   138  function.o(i.DISTANCE_function)
    DebugMon_Handler                         0x08000ac9   Thumb Code     2  stm32f10x_it.o(i.DebugMon_Handler)
    ENCODE_function                          0x08000acd   Thumb Code   686  function.o(i.ENCODE_function)
    FEEDBACK_PROTOCOL_CHECK                  0x08000d91   Thumb Code   128  parse_frame_data.o(i.FEEDBACK_PROTOCOL_CHECK)
    GPIO_Init                                0x08000e21   Thumb Code   278  stm32f10x_gpio.o(i.GPIO_Init)
    GPIO_PinRemapConfig                      0x08000f39   Thumb Code   138  stm32f10x_gpio.o(i.GPIO_PinRemapConfig)
    GPIO_ReadInputDataBit                    0x08000fc9   Thumb Code    18  stm32f10x_gpio.o(i.GPIO_ReadInputDataBit)
    GPIO_ResetBits                           0x08000fdb   Thumb Code     4  stm32f10x_gpio.o(i.GPIO_ResetBits)
    GPIO_SetBits                             0x08000fdf   Thumb Code     4  stm32f10x_gpio.o(i.GPIO_SetBits)
    GPIO_StructInit                          0x08000fe3   Thumb Code    16  stm32f10x_gpio.o(i.GPIO_StructInit)
    GetCRC16                                 0x08000ff5   Thumb Code    62  crc16.o(i.GetCRC16)
    Get_Adc                                  0x0800103d   Thumb Code    46  adc.o(i.Get_Adc)
    Get_Adc_Average                          0x08001071   Thumb Code    46  adc.o(i.Get_Adc_Average)
    HardFault_Handler                        0x0800109f   Thumb Code     4  stm32f10x_it.o(i.HardFault_Handler)
    LED_Init                                 0x080010a5   Thumb Code    68  led.o(i.LED_Init)
    MemManage_Handler                        0x080010f1   Thumb Code     4  stm32f10x_it.o(i.MemManage_Handler)
    NMI_Handler                              0x080010f5   Thumb Code     2  stm32f10x_it.o(i.NMI_Handler)
    NVIC_Init                                0x080010f9   Thumb Code   100  misc.o(i.NVIC_Init)
    NVIC_PriorityGroupConfig                 0x08001169   Thumb Code    10  misc.o(i.NVIC_PriorityGroupConfig)
    ON_OFF_Init                              0x0800117d   Thumb Code    34  port.o(i.ON_OFF_Init)
    PORT_GPIO_Config                         0x080011a5   Thumb Code   258  port.o(i.PORT_GPIO_Config)
    PendSV_Handler                           0x080012b5   Thumb Code     2  stm32f10x_it.o(i.PendSV_Handler)
    QianYin_function                         0x080012b9   Thumb Code   102  function.o(i.QianYin_function)
    RCC_ADCCLKConfig                         0x0800132d   Thumb Code    18  stm32f10x_rcc.o(i.RCC_ADCCLKConfig)
    RCC_APB1PeriphClockCmd                   0x08001345   Thumb Code    26  stm32f10x_rcc.o(i.RCC_APB1PeriphClockCmd)
    RCC_APB1PeriphResetCmd                   0x08001365   Thumb Code    26  stm32f10x_rcc.o(i.RCC_APB1PeriphResetCmd)
    RCC_APB2PeriphClockCmd                   0x08001385   Thumb Code    26  stm32f10x_rcc.o(i.RCC_APB2PeriphClockCmd)
    RCC_APB2PeriphResetCmd                   0x080013a5   Thumb Code    26  stm32f10x_rcc.o(i.RCC_APB2PeriphResetCmd)
    RCC_GetClocksFreq                        0x080013c5   Thumb Code   192  stm32f10x_rcc.o(i.RCC_GetClocksFreq)
    RS485_Send_Data                          0x08001499   Thumb Code    62  rs485.o(i.RS485_Send_Data)
    RS485_init                               0x080014dd   Thumb Code   176  rs485.o(i.RS485_init)
    Ready_Send                               0x08001595   Thumb Code    26  rs485.o(i.Ready_Send)
    STOP                                     0x080015b9   Thumb Code    68  function.o(i.STOP)
    SVC_Handler                              0x080015fd   Thumb Code     2  stm32f10x_it.o(i.SVC_Handler)
    SysTick_CLKSourceConfig                  0x080016e9   Thumb Code    40  misc.o(i.SysTick_CLKSourceConfig)
    SysTick_Handler                          0x08001711   Thumb Code     2  stm32f10x_it.o(i.SysTick_Handler)
    SystemInit                               0x08001715   Thumb Code    78  system_stm32f10x.o(i.SystemInit)
    TIM1_Init                                0x080019b5   Thumb Code     8  encode3.o(i.TIM1_Init)
    TIM1_Mode_Config                         0x080019bd   Thumb Code   176  encode3.o(i.TIM1_Mode_Config)
    TIM2_Init                                0x08001a7d   Thumb Code     8  encode2.o(i.TIM2_Init)
    TIM2_Mode_Config                         0x08001a85   Thumb Code   172  encode2.o(i.TIM2_Mode_Config)
    TIM3_Init                                0x08001b39   Thumb Code     8  encode1.o(i.TIM3_Init)
    TIM3_Mode_Config                         0x08001b41   Thumb Code   160  encode1.o(i.TIM3_Mode_Config)
    TIM4_Init                                0x08001bed   Thumb Code     8  encode.o(i.TIM4_Init)
    TIM4_Mode_Config                         0x08001bf5   Thumb Code   172  encode.o(i.TIM4_Mode_Config)
    TIM_ClearFlag                            0x08001cad   Thumb Code     6  stm32f10x_tim.o(i.TIM_ClearFlag)
    TIM_ClearITPendingBit                    0x08001cb3   Thumb Code     6  stm32f10x_tim.o(i.TIM_ClearITPendingBit)
    TIM_Cmd                                  0x08001cb9   Thumb Code    24  stm32f10x_tim.o(i.TIM_Cmd)
    TIM_DeInit                               0x08001cd1   Thumb Code   424  stm32f10x_tim.o(i.TIM_DeInit)
    TIM_EncoderInterfaceConfig               0x08001eb9   Thumb Code    66  stm32f10x_tim.o(i.TIM_EncoderInterfaceConfig)
    TIM_ICInit                               0x08001efd   Thumb Code   150  stm32f10x_tim.o(i.TIM_ICInit)
    TIM_ICStructInit                         0x08001fa9   Thumb Code    18  stm32f10x_tim.o(i.TIM_ICStructInit)
    TIM_ITConfig                             0x08001fbb   Thumb Code    18  stm32f10x_tim.o(i.TIM_ITConfig)
    TIM_SetIC1Prescaler                      0x08001fcd   Thumb Code    18  stm32f10x_tim.o(i.TIM_SetIC1Prescaler)
    TIM_SetIC2Prescaler                      0x08001fdf   Thumb Code    26  stm32f10x_tim.o(i.TIM_SetIC2Prescaler)
    TIM_SetIC3Prescaler                      0x08001ff9   Thumb Code    18  stm32f10x_tim.o(i.TIM_SetIC3Prescaler)
    TIM_SetIC4Prescaler                      0x0800200b   Thumb Code    26  stm32f10x_tim.o(i.TIM_SetIC4Prescaler)
    TIM_TimeBaseInit                         0x08002025   Thumb Code   122  stm32f10x_tim.o(i.TIM_TimeBaseInit)
    TIM_TimeBaseStructInit                   0x080020c9   Thumb Code    18  stm32f10x_tim.o(i.TIM_TimeBaseStructInit)
    USART1_IRQHandler                        0x080020dd   Thumb Code   152  usart.o(i.USART1_IRQHandler)
    USART2_IRQHandler                        0x08002181   Thumb Code   114  stm32f10x_it.o(i.USART2_IRQHandler)
    USART_Cmd                                0x08002209   Thumb Code    24  stm32f10x_usart.o(i.USART_Cmd)
    USART_GetFlagStatus                      0x08002221   Thumb Code    26  stm32f10x_usart.o(i.USART_GetFlagStatus)
    USART_GetITStatus                        0x0800223b   Thumb Code    84  stm32f10x_usart.o(i.USART_GetITStatus)
    USART_ITConfig                           0x0800228f   Thumb Code    74  stm32f10x_usart.o(i.USART_ITConfig)
    USART_Init                               0x080022d9   Thumb Code   210  stm32f10x_usart.o(i.USART_Init)
    USART_ReceiveData                        0x080023b1   Thumb Code    10  stm32f10x_usart.o(i.USART_ReceiveData)
    USART_SendData                           0x080023bb   Thumb Code     8  stm32f10x_usart.o(i.USART_SendData)
    UsageFault_Handler                       0x080023c3   Thumb Code     4  stm32f10x_it.o(i.UsageFault_Handler)
    Xuanjiao_function                        0x080023c9   Thumb Code   196  function.o(i.Xuanjiao_function)
    __0printf$1                              0x0800249d   Thumb Code    22  printf1.o(i.__0printf$1)
    __1printf$1                              0x0800249d   Thumb Code     0  printf1.o(i.__0printf$1)
    __2printf                                0x0800249d   Thumb Code     0  printf1.o(i.__0printf$1)
    __scatterload_copy                       0x080024bd   Thumb Code    14  handlers.o(i.__scatterload_copy)
    __scatterload_null                       0x080024cb   Thumb Code     2  handlers.o(i.__scatterload_null)
    __scatterload_zeroinit                   0x080024cd   Thumb Code    14  handlers.o(i.__scatterload_zeroinit)
    base_function                            0x08002631   Thumb Code   238  flag_function.o(i.base_function)
    clear_basefunction_flag                  0x08002731   Thumb Code    12  flag_function.o(i.clear_basefunction_flag)
    clear_resetfunction_flag                 0x08002745   Thumb Code    12  flag_function.o(i.clear_resetfunction_flag)
    clear_setdatafunction_flag               0x08002759   Thumb Code    12  flag_function.o(i.clear_setdatafunction_flag)
    date_function                            0x0800276d   Thumb Code    78  flag_function.o(i.date_function)
    delay_init                               0x080027c1   Thumb Code    50  delay.o(i.delay_init)
    delay_ms                                 0x08002805   Thumb Code    72  delay.o(i.delay_ms)
    delay_us                                 0x08002851   Thumb Code    72  delay.o(i.delay_us)
    encode                                   0x0800289d   Thumb Code   144  encode.o(i.encode)
    encode1                                  0x08002945   Thumb Code   274  encode1.o(i.encode1)
    encode1_RESET                            0x08002a79   Thumb Code   106  encode1.o(i.encode1_RESET)
    encode1_Send_Data                        0x08002af5   Thumb Code    22  encode1.o(i.encode1_Send_Data)
    encode1_limit                            0x08002b11   Thumb Code    56  encode1.o(i.encode1_limit)
    encode2                                  0x08002b55   Thumb Code   274  encode2.o(i.encode2)
    encode2_RESET                            0x08002c85   Thumb Code   112  encode2.o(i.encode2_RESET)
    encode2_Send_Data                        0x08002d01   Thumb Code    22  encode2.o(i.encode2_Send_Data)
    encode2_limit                            0x08002d1d   Thumb Code    56  encode2.o(i.encode2_limit)
    encode3                                  0x08002d61   Thumb Code   278  encode3.o(i.encode3)
    encode3_RESET                            0x08002e95   Thumb Code   112  encode3.o(i.encode3_RESET)
    encode3_Send_Data                        0x08002f11   Thumb Code    22  encode3.o(i.encode3_Send_Data)
    encode3_limit                            0x08002f2d   Thumb Code    56  encode3.o(i.encode3_limit)
    encode_RESET                             0x08002f71   Thumb Code    66  encode.o(i.encode_RESET)
    encode_Send_Data                         0x08002fc1   Thumb Code    28  encode.o(i.encode_Send_Data)
    encode_limit                             0x08002fe1   Thumb Code   130  encode.o(i.encode_limit)
    flag_function_configure                  0x08003071   Thumb Code   666  execute_function.o(i.flag_function_configure)
    fputc                                    0x08003331   Thumb Code    24  usart.o(i.fputc)
    main                                     0x0800334d   Thumb Code   196  main.o(i.main)
    pack_protocol                            0x08003421   Thumb Code   376  parse_frame_data.o(i.pack_protocol)
    protocol_frame                           0x080035b1   Thumb Code    98  parse_frame_data.o(i.protocol_frame)
    reset_function                           0x08003621   Thumb Code   466  flag_function.o(i.reset_function)
    setdata_function                         0x08003805   Thumb Code    56  flag_function.o(i.setdata_function)
    uart_init                                0x08003841   Thumb Code   162  usart.o(i.uart_init)
    CRC16HiTable                             0x080038ec   Data         256  crc16.o(.constdata)
    CRC16LoTable                             0x080039ec   Data         256  crc16.o(.constdata)
    Region$$Table$$Base                      0x08003aec   Number         0  anon$$obj.o(Region$$Table)
    Region$$Table$$Limit                     0x08003b0c   Number         0  anon$$obj.o(Region$$Table)
    Z                                        0x20000000   Data           1  stm32f10x_it.o(.data)
    X                                        0x20000001   Data           1  stm32f10x_it.o(.data)
    C                                        0x20000002   Data           1  stm32f10x_it.o(.data)
    V                                        0x20000003   Data           1  stm32f10x_it.o(.data)
    RS485_RX_CNT                             0x20000004   Data           1  stm32f10x_it.o(.data)
    clr                                      0x20000006   Data           2  stm32f10x_it.o(.data)
    len                                      0x20000008   Data           1  stm32f10x_it.o(.data)
    SystemCoreClock                          0x2000000c   Data           4  system_stm32f10x.o(.data)
    AHBPrescTable                            0x20000010   Data          16  system_stm32f10x.o(.data)
    __stdout                                 0x20000024   Data           4  usart.o(.data)
    USART_RX_STA                             0x20000028   Data           2  usart.o(.data)
    ADCNS                                    0x2000003e   Data           1  adc.o(.data)
    gs_code                                  0x20000044   Data           2  encode.o(.data)
    Gencode                                  0x20000046   Data           2  encode.o(.data)
    distance                                 0x20000048   Data           1  encode.o(.data)
    mode                                     0x20000049   Data           1  encode.o(.data)
    para_encode1                             0x20000054   Data           2  encode1.o(.data)
    Cencode                                  0x20000056   Data           3  encode1.o(.data)
    angle1                                   0x2000005a   Data           2  encode1.o(.data)
    area1                                    0x2000005c   Data           2  encode1.o(.data)
    ANGLE1                                   0x2000005e   Data           2  encode1.o(.data)
    para_encode2                             0x20000068   Data           2  encode2.o(.data)
    Bencode                                  0x2000006a   Data           3  encode2.o(.data)
    angle2                                   0x2000006e   Data           2  encode2.o(.data)
    area2                                    0x20000070   Data           2  encode2.o(.data)
    ANGLE2                                   0x20000072   Data           2  encode2.o(.data)
    para_encode3                             0x2000007c   Data           2  encode3.o(.data)
    Xencode                                  0x2000007e   Data           3  encode3.o(.data)
    angle3                                   0x20000082   Data           2  encode3.o(.data)
    area3                                    0x20000084   Data           2  encode3.o(.data)
    ANGLE3                                   0x20000086   Data           2  encode3.o(.data)
    PROTOCOL_ERROR                           0x2000008c   Data           1  parse_frame_data.o(.data)
    CRCtemp                                  0x2000008e   Data           2  parse_frame_data.o(.data)
    RX_CRC                                   0x20000090   Data           2  parse_frame_data.o(.data)
    PROTOCOL_CHECK                           0x20000092   Data           1  parse_frame_data.o(.data)
    FUNCTIONG_FLAG                           0x20000093   Data           1  parse_frame_data.o(.data)
    BREAK_FLAG                               0x20000094   Data           1  parse_frame_data.o(.data)
    FUNCION                                  0x20000095   Data           1  parse_frame_data.o(.data)
    TX_DATA1                                 0x20000096   Data           1  parse_frame_data.o(.data)
    TX_DATA2                                 0x20000097   Data           1  parse_frame_data.o(.data)
    RS485_TX_BUF                             0x20000098   Data           8  parse_frame_data.o(.data)
    encode2_Reset                            0x200000a4   Data           1  execute_function.o(.data)
    encode3_Reset                            0x200000a5   Data           1  execute_function.o(.data)
    function_flag                            0x200000a6   Data           1  execute_function.o(.data)
    base_function_flag                       0x200000a7   Data           1  execute_function.o(.data)
    reset_function_flag                      0x200000a8   Data           1  execute_function.o(.data)
    date_function_flag                       0x200000a9   Data           1  execute_function.o(.data)
    setdata_function_flag                    0x200000aa   Data           1  execute_function.o(.data)
    RS485_RX_BUF                             0x200000ac   Data          64  stm32f10x_it.o(.bss)
    PROTOCOL                                 0x200000ec   Data          64  stm32f10x_it.o(.bss)
    USART_RX_BUF                             0x2000012c   Data         200  usart.o(.bss)
    __initial_sp                             0x200005f8   Data           0  startup_stm32f10x_hd.o(STACK)



==============================================================================

Memory Map of the image

  Image Entry point : 0x08000145

  Load Region LR_1 (Base: 0x08000000, Size: 0x00003bb8, Max: 0xffffffff, ABSOLUTE)

    Execution Region ER_RO (Exec base: 0x08000000, Load base: 0x08000000, Size: 0x00003b0c, Max: 0xffffffff, ABSOLUTE)

    Exec Addr    Load Addr    Size         Type   Attr      Idx    E Section Name        Object

    0x08000000   0x08000000   0x00000130   Data   RO          495    RESET               startup_stm32f10x_hd.o
    0x08000130   0x08000130   0x00000000   Code   RO         4185  * .ARM.Collect$$$$00000000  mc_w.l(entry.o)
    0x08000130   0x08000130   0x00000004   Code   RO         4463    .ARM.Collect$$$$00000001  mc_w.l(entry2.o)
    0x08000134   0x08000134   0x00000004   Code   RO         4466    .ARM.Collect$$$$00000004  mc_w.l(entry5.o)
    0x08000138   0x08000138   0x00000000   Code   RO         4468    .ARM.Collect$$$$00000008  mc_w.l(entry7b.o)
    0x08000138   0x08000138   0x00000000   Code   RO         4470    .ARM.Collect$$$$0000000A  mc_w.l(entry8b.o)
    0x08000138   0x08000138   0x00000008   Code   RO         4471    .ARM.Collect$$$$0000000B  mc_w.l(entry9a.o)
    0x08000140   0x08000140   0x00000000   Code   RO         4473    .ARM.Collect$$$$0000000D  mc_w.l(entry10a.o)
    0x08000140   0x08000140   0x00000000   Code   RO         4475    .ARM.Collect$$$$0000000F  mc_w.l(entry11a.o)
    0x08000140   0x08000140   0x00000004   Code   RO         4464    .ARM.Collect$$$$00002712  mc_w.l(entry2.o)
    0x08000144   0x08000144   0x00000024   Code   RO          496  * .text               startup_stm32f10x_hd.o
    0x08000168   0x08000168   0x000000e4   Code   RO         4449    .text               mf_w.l(dmul.o)
    0x0800024c   0x0800024c   0x00000012   Code   RO         4451    .text               mf_w.l(fflti.o)
    0x0800025e   0x0800025e   0x00000022   Code   RO         4453    .text               mf_w.l(dflti.o)
    0x08000280   0x08000280   0x0000001a   Code   RO         4455    .text               mf_w.l(dfltui.o)
    0x0800029a   0x0800029a   0x00000028   Code   RO         4457    .text               mf_w.l(ffixui.o)
    0x080002c2   0x080002c2   0x0000003e   Code   RO         4459    .text               mf_w.l(dfixi.o)
    0x08000300   0x08000300   0x00000032   Code   RO         4461    .text               mf_w.l(dfixui.o)
    0x08000332   0x08000332   0x0000002c   Code   RO         4477    .text               mc_w.l(uidiv.o)
    0x0800035e   0x0800035e   0x00000020   Code   RO         4481    .text               mc_w.l(llushr.o)
    0x0800037e   0x0800037e   0x00000000   Code   RO         4483    .text               mc_w.l(iusefp.o)
    0x0800037e   0x0800037e   0x0000006e   Code   RO         4484    .text               mf_w.l(fepilogue.o)
    0x080003ec   0x080003ec   0x000000ba   Code   RO         4486    .text               mf_w.l(depilogue.o)
    0x080004a6   0x080004a6   0x00000002   PAD
    0x080004a8   0x080004a8   0x00000024   Code   RO         4496    .text               mc_w.l(init.o)
    0x080004cc   0x080004cc   0x0000001e   Code   RO         4498    .text               mc_w.l(llshl.o)
    0x080004ea   0x080004ea   0x00000016   Code   RO          542    i.ADC_Cmd           stm32f10x_adc.o
    0x08000500   0x08000500   0x0000005c   Code   RO          544    i.ADC_DeInit        stm32f10x_adc.o
    0x0800055c   0x0800055c   0x00000014   Code   RO          550    i.ADC_GetCalibrationStatus  stm32f10x_adc.o
    0x08000570   0x08000570   0x00000008   Code   RO          551    i.ADC_GetConversionValue  stm32f10x_adc.o
    0x08000578   0x08000578   0x00000012   Code   RO          553    i.ADC_GetFlagStatus  stm32f10x_adc.o
    0x0800058a   0x0800058a   0x00000014   Code   RO          556    i.ADC_GetResetCalibrationStatus  stm32f10x_adc.o
    0x0800059e   0x0800059e   0x00000002   PAD
    0x080005a0   0x080005a0   0x00000050   Code   RO          560    i.ADC_Init          stm32f10x_adc.o
    0x080005f0   0x080005f0   0x00000058   Code   RO         3488    i.ADC_NS            adc.o
    0x08000648   0x08000648   0x000000b8   Code   RO          564    i.ADC_RegularChannelConfig  stm32f10x_adc.o
    0x08000700   0x08000700   0x0000000a   Code   RO          565    i.ADC_ResetCalibration  stm32f10x_adc.o
    0x0800070a   0x0800070a   0x00000002   PAD
    0x0800070c   0x0800070c   0x0000001c   Code   RO         3489    i.ADC_Send_Data     adc.o
    0x08000728   0x08000728   0x00000016   Code   RO          567    i.ADC_SoftwareStartConvCmd  stm32f10x_adc.o
    0x0800073e   0x0800073e   0x0000000a   Code   RO          569    i.ADC_StartCalibration  stm32f10x_adc.o
    0x08000748   0x08000748   0x00000080   Code   RO         3557    i.ANGLE1_function   function.o
    0x080007c8   0x080007c8   0x00000084   Code   RO         3558    i.ANGLE2_function   function.o
    0x0800084c   0x0800084c   0x0000007c   Code   RO         3559    i.ANGLE3_function   function.o
    0x080008c8   0x080008c8   0x00000094   Code   RO         3490    i.Adc_Init          adc.o
    0x0800095c   0x0800095c   0x000000d0   Code   RO         3560    i.Baijiao_function  function.o
    0x08000a2c   0x08000a2c   0x00000004   Code   RO          168    i.BusFault_Handler  stm32f10x_it.o
    0x08000a30   0x08000a30   0x00000098   Code   RO         3561    i.DISTANCE_function  function.o
    0x08000ac8   0x08000ac8   0x00000002   Code   RO          169    i.DebugMon_Handler  stm32f10x_it.o
    0x08000aca   0x08000aca   0x00000002   PAD
    0x08000acc   0x08000acc   0x000002c4   Code   RO         3562    i.ENCODE_function   function.o
    0x08000d90   0x08000d90   0x00000090   Code   RO         4129    i.FEEDBACK_PROTOCOL_CHECK  parse_frame_data.o
    0x08000e20   0x08000e20   0x00000116   Code   RO         1651    i.GPIO_Init         stm32f10x_gpio.o
    0x08000f36   0x08000f36   0x00000002   PAD
    0x08000f38   0x08000f38   0x00000090   Code   RO         1653    i.GPIO_PinRemapConfig  stm32f10x_gpio.o
    0x08000fc8   0x08000fc8   0x00000012   Code   RO         1655    i.GPIO_ReadInputDataBit  stm32f10x_gpio.o
    0x08000fda   0x08000fda   0x00000004   Code   RO         1658    i.GPIO_ResetBits    stm32f10x_gpio.o
    0x08000fde   0x08000fde   0x00000004   Code   RO         1659    i.GPIO_SetBits      stm32f10x_gpio.o
    0x08000fe2   0x08000fe2   0x00000010   Code   RO         1660    i.GPIO_StructInit   stm32f10x_gpio.o
    0x08000ff2   0x08000ff2   0x00000002   PAD
    0x08000ff4   0x08000ff4   0x00000048   Code   RO         4111    i.GetCRC16          crc16.o
    0x0800103c   0x0800103c   0x00000034   Code   RO         3491    i.Get_Adc           adc.o
    0x08001070   0x08001070   0x0000002e   Code   RO         3492    i.Get_Adc_Average   adc.o
    0x0800109e   0x0800109e   0x00000004   Code   RO          170    i.HardFault_Handler  stm32f10x_it.o
    0x080010a2   0x080010a2   0x00000002   PAD
    0x080010a4   0x080010a4   0x0000004c   Code   RO         3542    i.LED_Init          led.o
    0x080010f0   0x080010f0   0x00000004   Code   RO          171    i.MemManage_Handler  stm32f10x_it.o
    0x080010f4   0x080010f4   0x00000002   Code   RO          172    i.NMI_Handler       stm32f10x_it.o
    0x080010f6   0x080010f6   0x00000002   PAD
    0x080010f8   0x080010f8   0x00000070   Code   RO          500    i.NVIC_Init         misc.o
    0x08001168   0x08001168   0x00000014   Code   RO          501    i.NVIC_PriorityGroupConfig  misc.o
    0x0800117c   0x0800117c   0x00000028   Code   RO         3467    i.ON_OFF_Init       port.o
    0x080011a4   0x080011a4   0x00000110   Code   RO         3468    i.PORT_GPIO_Config  port.o
    0x080012b4   0x080012b4   0x00000002   Code   RO          173    i.PendSV_Handler    stm32f10x_it.o
    0x080012b6   0x080012b6   0x00000002   PAD
    0x080012b8   0x080012b8   0x00000074   Code   RO         3563    i.QianYin_function  function.o
    0x0800132c   0x0800132c   0x00000018   Code   RO         2065    i.RCC_ADCCLKConfig  stm32f10x_rcc.o
    0x08001344   0x08001344   0x00000020   Code   RO         2067    i.RCC_APB1PeriphClockCmd  stm32f10x_rcc.o
    0x08001364   0x08001364   0x00000020   Code   RO         2068    i.RCC_APB1PeriphResetCmd  stm32f10x_rcc.o
    0x08001384   0x08001384   0x00000020   Code   RO         2069    i.RCC_APB2PeriphClockCmd  stm32f10x_rcc.o
    0x080013a4   0x080013a4   0x00000020   Code   RO         2070    i.RCC_APB2PeriphResetCmd  stm32f10x_rcc.o
    0x080013c4   0x080013c4   0x000000d4   Code   RO         2077    i.RCC_GetClocksFreq  stm32f10x_rcc.o
    0x08001498   0x08001498   0x00000044   Code   RO         4070    i.RS485_Send_Data   rs485.o
    0x080014dc   0x080014dc   0x000000b8   Code   RO         4072    i.RS485_init        rs485.o
    0x08001594   0x08001594   0x00000024   Code   RO         4073    i.Ready_Send        rs485.o
    0x080015b8   0x080015b8   0x00000044   Code   RO         3565    i.STOP              function.o
    0x080015fc   0x080015fc   0x00000002   Code   RO          174    i.SVC_Handler       stm32f10x_it.o
    0x080015fe   0x080015fe   0x00000008   Code   RO          252    i.SetSysClock       system_stm32f10x.o
    0x08001606   0x08001606   0x00000002   PAD
    0x08001608   0x08001608   0x000000e0   Code   RO          253    i.SetSysClockTo72   system_stm32f10x.o
    0x080016e8   0x080016e8   0x00000028   Code   RO          504    i.SysTick_CLKSourceConfig  misc.o
    0x08001710   0x08001710   0x00000002   Code   RO          175    i.SysTick_Handler   stm32f10x_it.o
    0x08001712   0x08001712   0x00000002   PAD
    0x08001714   0x08001714   0x00000060   Code   RO          255    i.SystemInit        system_stm32f10x.o
    0x08001774   0x08001774   0x00000080   Code   RO         2685    i.TI1_Config        stm32f10x_tim.o
    0x080017f4   0x080017f4   0x00000098   Code   RO         2686    i.TI2_Config        stm32f10x_tim.o
    0x0800188c   0x0800188c   0x00000090   Code   RO         2687    i.TI3_Config        stm32f10x_tim.o
    0x0800191c   0x0800191c   0x00000098   Code   RO         2688    i.TI4_Config        stm32f10x_tim.o
    0x080019b4   0x080019b4   0x00000008   Code   RO         4022    i.TIM1_Init         encode3.o
    0x080019bc   0x080019bc   0x000000c0   Code   RO         4023    i.TIM1_Mode_Config  encode3.o
    0x08001a7c   0x08001a7c   0x00000008   Code   RO         3962    i.TIM2_Init         encode2.o
    0x08001a84   0x08001a84   0x000000b4   Code   RO         3963    i.TIM2_Mode_Config  encode2.o
    0x08001b38   0x08001b38   0x00000008   Code   RO         3807    i.TIM3_Init         encode1.o
    0x08001b40   0x08001b40   0x000000ac   Code   RO         3808    i.TIM3_Mode_Config  encode1.o
    0x08001bec   0x08001bec   0x00000008   Code   RO         3759    i.TIM4_Init         encode.o
    0x08001bf4   0x08001bf4   0x000000b8   Code   RO         3760    i.TIM4_Mode_Config  encode.o
    0x08001cac   0x08001cac   0x00000006   Code   RO         2695    i.TIM_ClearFlag     stm32f10x_tim.o
    0x08001cb2   0x08001cb2   0x00000006   Code   RO         2696    i.TIM_ClearITPendingBit  stm32f10x_tim.o
    0x08001cb8   0x08001cb8   0x00000018   Code   RO         2701    i.TIM_Cmd           stm32f10x_tim.o
    0x08001cd0   0x08001cd0   0x000001e8   Code   RO         2706    i.TIM_DeInit        stm32f10x_tim.o
    0x08001eb8   0x08001eb8   0x00000042   Code   RO         2710    i.TIM_EncoderInterfaceConfig  stm32f10x_tim.o
    0x08001efa   0x08001efa   0x00000002   PAD
    0x08001efc   0x08001efc   0x000000ac   Code   RO         2724    i.TIM_ICInit        stm32f10x_tim.o
    0x08001fa8   0x08001fa8   0x00000012   Code   RO         2725    i.TIM_ICStructInit  stm32f10x_tim.o
    0x08001fba   0x08001fba   0x00000012   Code   RO         2726    i.TIM_ITConfig      stm32f10x_tim.o
    0x08001fcc   0x08001fcc   0x00000012   Code   RO         2767    i.TIM_SetIC1Prescaler  stm32f10x_tim.o
    0x08001fde   0x08001fde   0x0000001a   Code   RO         2768    i.TIM_SetIC2Prescaler  stm32f10x_tim.o
    0x08001ff8   0x08001ff8   0x00000012   Code   RO         2769    i.TIM_SetIC3Prescaler  stm32f10x_tim.o
    0x0800200a   0x0800200a   0x0000001a   Code   RO         2770    i.TIM_SetIC4Prescaler  stm32f10x_tim.o
    0x08002024   0x08002024   0x000000a4   Code   RO         2772    i.TIM_TimeBaseInit  stm32f10x_tim.o
    0x080020c8   0x080020c8   0x00000012   Code   RO         2773    i.TIM_TimeBaseStructInit  stm32f10x_tim.o
    0x080020da   0x080020da   0x00000002   PAD
    0x080020dc   0x080020dc   0x000000a4   Code   RO          441    i.USART1_IRQHandler  usart.o
    0x08002180   0x08002180   0x00000088   Code   RO          176    i.USART2_IRQHandler  stm32f10x_it.o
    0x08002208   0x08002208   0x00000018   Code   RO         3237    i.USART_Cmd         stm32f10x_usart.o
    0x08002220   0x08002220   0x0000001a   Code   RO         3240    i.USART_GetFlagStatus  stm32f10x_usart.o
    0x0800223a   0x0800223a   0x00000054   Code   RO         3241    i.USART_GetITStatus  stm32f10x_usart.o
    0x0800228e   0x0800228e   0x0000004a   Code   RO         3243    i.USART_ITConfig    stm32f10x_usart.o
    0x080022d8   0x080022d8   0x000000d8   Code   RO         3244    i.USART_Init        stm32f10x_usart.o
    0x080023b0   0x080023b0   0x0000000a   Code   RO         3251    i.USART_ReceiveData  stm32f10x_usart.o
    0x080023ba   0x080023ba   0x00000008   Code   RO         3254    i.USART_SendData    stm32f10x_usart.o
    0x080023c2   0x080023c2   0x00000004   Code   RO          177    i.UsageFault_Handler  stm32f10x_it.o
    0x080023c6   0x080023c6   0x00000002   PAD
    0x080023c8   0x080023c8   0x000000d4   Code   RO         3566    i.Xuanjiao_function  function.o
    0x0800249c   0x0800249c   0x00000020   Code   RO         4233    i.__0printf$1       mc_w.l(printf1.o)
    0x080024bc   0x080024bc   0x0000000e   Code   RO         4504    i.__scatterload_copy  mc_w.l(handlers.o)
    0x080024ca   0x080024ca   0x00000002   Code   RO         4505    i.__scatterload_null  mc_w.l(handlers.o)
    0x080024cc   0x080024cc   0x0000000e   Code   RO         4506    i.__scatterload_zeroinit  mc_w.l(handlers.o)
    0x080024da   0x080024da   0x00000002   PAD
    0x080024dc   0x080024dc   0x00000154   Code   RO         4240    i._printf_core      mc_w.l(printf1.o)
    0x08002630   0x08002630   0x00000100   Code   RO         3682    i.base_function     flag_function.o
    0x08002730   0x08002730   0x00000014   Code   RO         3683    i.clear_basefunction_flag  flag_function.o
    0x08002744   0x08002744   0x00000014   Code   RO         3685    i.clear_resetfunction_flag  flag_function.o
    0x08002758   0x08002758   0x00000014   Code   RO         3686    i.clear_setdatafunction_flag  flag_function.o
    0x0800276c   0x0800276c   0x00000054   Code   RO         3687    i.date_function     flag_function.o
    0x080027c0   0x080027c0   0x00000044   Code   RO          365    i.delay_init        delay.o
    0x08002804   0x08002804   0x0000004c   Code   RO          366    i.delay_ms          delay.o
    0x08002850   0x08002850   0x0000004c   Code   RO          367    i.delay_us          delay.o
    0x0800289c   0x0800289c   0x000000a8   Code   RO         3761    i.encode            encode.o
    0x08002944   0x08002944   0x00000134   Code   RO         3809    i.encode1           encode1.o
    0x08002a78   0x08002a78   0x0000007c   Code   RO         3810    i.encode1_RESET     encode1.o
    0x08002af4   0x08002af4   0x0000001c   Code   RO         3811    i.encode1_Send_Data  encode1.o
    0x08002b10   0x08002b10   0x00000044   Code   RO         3812    i.encode1_limit     encode1.o
    0x08002b54   0x08002b54   0x00000130   Code   RO         3964    i.encode2           encode2.o
    0x08002c84   0x08002c84   0x0000007c   Code   RO         3965    i.encode2_RESET     encode2.o
    0x08002d00   0x08002d00   0x0000001c   Code   RO         3966    i.encode2_Send_Data  encode2.o
    0x08002d1c   0x08002d1c   0x00000044   Code   RO         3967    i.encode2_limit     encode2.o
    0x08002d60   0x08002d60   0x00000134   Code   RO         4024    i.encode3           encode3.o
    0x08002e94   0x08002e94   0x0000007c   Code   RO         4025    i.encode3_RESET     encode3.o
    0x08002f10   0x08002f10   0x0000001c   Code   RO         4026    i.encode3_Send_Data  encode3.o
    0x08002f2c   0x08002f2c   0x00000044   Code   RO         4027    i.encode3_limit     encode3.o
    0x08002f70   0x08002f70   0x00000050   Code   RO         3762    i.encode_RESET      encode.o
    0x08002fc0   0x08002fc0   0x00000020   Code   RO         3763    i.encode_Send_Data  encode.o
    0x08002fe0   0x08002fe0   0x00000090   Code   RO         3764    i.encode_limit      encode.o
    0x08003070   0x08003070   0x000002c0   Code   RO         4161    i.flag_function_configure  execute_function.o
    0x08003330   0x08003330   0x0000001c   Code   RO          443    i.fputc             usart.o
    0x0800334c   0x0800334c   0x000000d4   Code   RO            1    i.main              main.o
    0x08003420   0x08003420   0x00000190   Code   RO         4130    i.pack_protocol     parse_frame_data.o
    0x080035b0   0x080035b0   0x00000070   Code   RO         4131    i.protocol_frame    parse_frame_data.o
    0x08003620   0x08003620   0x000001e4   Code   RO         3688    i.reset_function    flag_function.o
    0x08003804   0x08003804   0x0000003c   Code   RO         3689    i.setdata_function  flag_function.o
    0x08003840   0x08003840   0x000000ac   Code   RO          444    i.uart_init         usart.o
    0x080038ec   0x080038ec   0x00000200   Data   RO         4112    .constdata          crc16.o
    0x08003aec   0x08003aec   0x00000020   Data   RO         4502    Region$$Table       anon$$obj.o


    Execution Region ER_RW (Exec base: 0x20000000, Load base: 0x08003b0c, Size: 0x000000ac, Max: 0xffffffff, ABSOLUTE)

    Exec Addr    Load Addr    Size         Type   Attr      Idx    E Section Name        Object

    0x20000000   0x08003b0c   0x00000009   Data   RW          179    .data               stm32f10x_it.o
    0x20000009   0x08003b15   0x00000003   PAD
    0x2000000c   0x08003b18   0x00000014   Data   RW          256    .data               system_stm32f10x.o
    0x20000020   0x08003b2c   0x00000004   Data   RW          368    .data               delay.o
    0x20000024   0x08003b30   0x00000006   Data   RW          446    .data               usart.o
    0x2000002a   0x08003b36   0x00000014   Data   RW         2097    .data               stm32f10x_rcc.o
    0x2000003e   0x08003b4a   0x00000001   Data   RW         3493    .data               adc.o
    0x2000003f   0x08003b4b   0x00000001   PAD
    0x20000040   0x08003b4c   0x00000010   Data   RW         3765    .data               encode.o
    0x20000050   0x08003b5c   0x00000014   Data   RW         3813    .data               encode1.o
    0x20000064   0x08003b70   0x00000014   Data   RW         3970    .data               encode2.o
    0x20000078   0x08003b84   0x00000014   Data   RW         4028    .data               encode3.o
    0x2000008c   0x08003b98   0x00000014   Data   RW         4132    .data               parse_frame_data.o
    0x200000a0   0x08003bac   0x0000000b   Data   RW         4162    .data               execute_function.o


    Execution Region ER_ZI (Exec base: 0x200000ac, Load base: 0x08003bb8, Size: 0x0000054c, Max: 0xffffffff, ABSOLUTE)

    Exec Addr    Load Addr    Size         Type   Attr      Idx    E Section Name        Object

    0x200000ac        -       0x00000080   Zero   RW          178    .bss                stm32f10x_it.o
    0x2000012c        -       0x000000c8   Zero   RW          445    .bss                usart.o
    0x200001f4   0x08003bb8   0x00000004   PAD
    0x200001f8        -       0x00000400   Zero   RW          493    STACK               startup_stm32f10x_hd.o


==============================================================================

Image component sizes


      Code (inc. data)   RO Data    RW Data    ZI Data      Debug   Object Name

       362         32          0          1          0       2760   adc.o
         0          0          0          0          0         32   core_cm3.o
        72         10        512          0          0       1135   crc16.o
       220         26          0          4          0     215307   delay.o
       616         68          0         16          0       3965   encode.o
       708         82          0         20          0     243384   encode1.o
       712         68          0         20          0       3936   encode2.o
       728         76          0         20          0       3940   encode3.o
       704         70          0         11          0       1750   execute_function.o
       944         76          0          0          0      19009   flag_function.o
      1848        128          0          0          0     209701   function.o
        76          8          0          0          0        459   led.o
       212         16          0          0          0     236831   main.o
       172         22          0          0          0       1913   misc.o
       656         72          0         20          0       3143   parse_frame_data.o
       312         20          0          0          0       1045   port.o
       288         24          0          0          0       2084   rs485.o
        36          8        304          0       1024        760   startup_stm32f10x_hd.o
       486         24          0          0          0       8166   stm32f10x_adc.o
       464          6          0          0          0       4768   stm32f10x_gpio.o
       162         22          0          9        128       4983   stm32f10x_it.o
       364         50          0         20          0       5827   stm32f10x_rcc.o
      1644        214          0          0          0      11363   stm32f10x_tim.o
       442          6          0          0          0       5885   stm32f10x_usart.o
       328         28          0         20          0      45285   system_stm32f10x.o
       364         26          0          6        200       3608   usart.o

    ----------------------------------------------------------------------
     12946       1182        848        172       1356    1041039   Object Totals
         0          0         32          0          0          0   (incl. Generated)
        26          0          0          5          4          0   (incl. Padding)

    ----------------------------------------------------------------------

      Code (inc. data)   RO Data    RW Data    ZI Data      Debug   Library Member Name

         0          0          0          0          0          0   entry.o
         0          0          0          0          0          0   entry10a.o
         0          0          0          0          0          0   entry11a.o
         8          4          0          0          0          0   entry2.o
         4          0          0          0          0          0   entry5.o
         0          0          0          0          0          0   entry7b.o
         0          0          0          0          0          0   entry8b.o
         8          4          0          0          0          0   entry9a.o
        30          0          0          0          0          0   handlers.o
        36          8          0          0          0         68   init.o
         0          0          0          0          0          0   iusefp.o
        30          0          0          0          0         68   llshl.o
        32          0          0          0          0         68   llushr.o
       372         14          0          0          0        184   printf1.o
        44          0          0          0          0         80   uidiv.o
       186          0          0          0          0        176   depilogue.o
        62          0          0          0          0         80   dfixi.o
        50          0          0          0          0         76   dfixui.o
        34          0          0          0          0         76   dflti.o
        26          0          0          0          0         76   dfltui.o
       228          0          0          0          0         96   dmul.o
       110          0          0          0          0        168   fepilogue.o
        40          0          0          0          0         68   ffixui.o
        18          0          0          0          0         68   fflti.o

    ----------------------------------------------------------------------
      1322         30          0          0          0       1352   Library Totals
         4          0          0          0          0          0   (incl. Padding)

    ----------------------------------------------------------------------

      Code (inc. data)   RO Data    RW Data    ZI Data      Debug   Library Name

       564         30          0          0          0        468   mc_w.l
       754          0          0          0          0        884   mf_w.l

    ----------------------------------------------------------------------
      1322         30          0          0          0       1352   Library Totals

    ----------------------------------------------------------------------

==============================================================================


      Code (inc. data)   RO Data    RW Data    ZI Data      Debug   

     14268       1212        848        172       1356    1035419   Grand Totals
     14268       1212        848        172       1356    1035419   ELF Image Totals
     14268       1212        848        172          0          0   ROM Totals

==============================================================================

    Total RO  Size (Code + RO Data)                15116 (  14.76kB)
    Total RW  Size (RW Data + ZI Data)              1528 (   1.49kB)
    Total ROM Size (Code + RO Data + RW Data)      15288 (  14.93kB)

==============================================================================

